Archive member included to satisfy reference by file (symbol)

/opt/Atollic_TrueSTUDIO_for_STM32_x86_64_9.3.0/ARMTools/bin/../lib/gcc/arm-atollic-eabi/6.3.1/../../../../arm-atollic-eabi/lib/armv7e-m/fpu/libc.a(lib_a-errno.o)
                              Src/syscalls.o (__errno)
/opt/Atollic_TrueSTUDIO_for_STM32_x86_64_9.3.0/ARMTools/bin/../lib/gcc/arm-atollic-eabi/6.3.1/../../../../arm-atollic-eabi/lib/armv7e-m/fpu/libc.a(lib_a-impure.o)
                              /opt/Atollic_TrueSTUDIO_for_STM32_x86_64_9.3.0/ARMTools/bin/../lib/gcc/arm-atollic-eabi/6.3.1/../../../../arm-atollic-eabi/lib/armv7e-m/fpu/libc.a(lib_a-errno.o) (_impure_ptr)
/opt/Atollic_TrueSTUDIO_for_STM32_x86_64_9.3.0/ARMTools/bin/../lib/gcc/arm-atollic-eabi/6.3.1/../../../../arm-atollic-eabi/lib/armv7e-m/fpu/libc.a(lib_a-init.o)
                              startup/startup_stm32f407xx.o (__libc_init_array)
/opt/Atollic_TrueSTUDIO_for_STM32_x86_64_9.3.0/ARMTools/bin/../lib/gcc/arm-atollic-eabi/6.3.1/../../../../arm-atollic-eabi/lib/armv7e-m/fpu/libc.a(lib_a-memcpy-stub.o)
                              Middlewares/Third_Party/FreeRTOS/Source/CMSIS_RTOS_V2/cmsis_os2.o (memcpy)
/opt/Atollic_TrueSTUDIO_for_STM32_x86_64_9.3.0/ARMTools/bin/../lib/gcc/arm-atollic-eabi/6.3.1/../../../../arm-atollic-eabi/lib/armv7e-m/fpu/libc.a(lib_a-memset.o)
                              Middlewares/Third_Party/FreeRTOS/Source/stream_buffer.o (memset)
/opt/Atollic_TrueSTUDIO_for_STM32_x86_64_9.3.0/ARMTools/bin/../lib/gcc/arm-atollic-eabi/6.3.1/../../../../arm-atollic-eabi/lib/armv7e-m/fpu/libc.a(lib_a-sprintf.o)
                              Src/main.o (sprintf)
/opt/Atollic_TrueSTUDIO_for_STM32_x86_64_9.3.0/ARMTools/bin/../lib/gcc/arm-atollic-eabi/6.3.1/../../../../arm-atollic-eabi/lib/armv7e-m/fpu/libc.a(lib_a-svfprintf.o)
                              /opt/Atollic_TrueSTUDIO_for_STM32_x86_64_9.3.0/ARMTools/bin/../lib/gcc/arm-atollic-eabi/6.3.1/../../../../arm-atollic-eabi/lib/armv7e-m/fpu/libc.a(lib_a-sprintf.o) (_svfprintf_r)
/opt/Atollic_TrueSTUDIO_for_STM32_x86_64_9.3.0/ARMTools/bin/../lib/gcc/arm-atollic-eabi/6.3.1/../../../../arm-atollic-eabi/lib/armv7e-m/fpu/libc.a(lib_a-dtoa.o)
                              /opt/Atollic_TrueSTUDIO_for_STM32_x86_64_9.3.0/ARMTools/bin/../lib/gcc/arm-atollic-eabi/6.3.1/../../../../arm-atollic-eabi/lib/armv7e-m/fpu/libc.a(lib_a-svfprintf.o) (_dtoa_r)
/opt/Atollic_TrueSTUDIO_for_STM32_x86_64_9.3.0/ARMTools/bin/../lib/gcc/arm-atollic-eabi/6.3.1/../../../../arm-atollic-eabi/lib/armv7e-m/fpu/libc.a(lib_a-localeconv.o)
                              /opt/Atollic_TrueSTUDIO_for_STM32_x86_64_9.3.0/ARMTools/bin/../lib/gcc/arm-atollic-eabi/6.3.1/../../../../arm-atollic-eabi/lib/armv7e-m/fpu/libc.a(lib_a-svfprintf.o) (_localeconv_r)
/opt/Atollic_TrueSTUDIO_for_STM32_x86_64_9.3.0/ARMTools/bin/../lib/gcc/arm-atollic-eabi/6.3.1/../../../../arm-atollic-eabi/lib/armv7e-m/fpu/libc.a(lib_a-malloc.o)
                              /opt/Atollic_TrueSTUDIO_for_STM32_x86_64_9.3.0/ARMTools/bin/../lib/gcc/arm-atollic-eabi/6.3.1/../../../../arm-atollic-eabi/lib/armv7e-m/fpu/libc.a(lib_a-dtoa.o) (malloc)
/opt/Atollic_TrueSTUDIO_for_STM32_x86_64_9.3.0/ARMTools/bin/../lib/gcc/arm-atollic-eabi/6.3.1/../../../../arm-atollic-eabi/lib/armv7e-m/fpu/libc.a(lib_a-mallocr.o)
                              /opt/Atollic_TrueSTUDIO_for_STM32_x86_64_9.3.0/ARMTools/bin/../lib/gcc/arm-atollic-eabi/6.3.1/../../../../arm-atollic-eabi/lib/armv7e-m/fpu/libc.a(lib_a-svfprintf.o) (_malloc_r)
/opt/Atollic_TrueSTUDIO_for_STM32_x86_64_9.3.0/ARMTools/bin/../lib/gcc/arm-atollic-eabi/6.3.1/../../../../arm-atollic-eabi/lib/armv7e-m/fpu/libc.a(lib_a-memchr.o)
                              /opt/Atollic_TrueSTUDIO_for_STM32_x86_64_9.3.0/ARMTools/bin/../lib/gcc/arm-atollic-eabi/6.3.1/../../../../arm-atollic-eabi/lib/armv7e-m/fpu/libc.a(lib_a-svfprintf.o) (memchr)
/opt/Atollic_TrueSTUDIO_for_STM32_x86_64_9.3.0/ARMTools/bin/../lib/gcc/arm-atollic-eabi/6.3.1/../../../../arm-atollic-eabi/lib/armv7e-m/fpu/libc.a(lib_a-mlock.o)
                              /opt/Atollic_TrueSTUDIO_for_STM32_x86_64_9.3.0/ARMTools/bin/../lib/gcc/arm-atollic-eabi/6.3.1/../../../../arm-atollic-eabi/lib/armv7e-m/fpu/libc.a(lib_a-mallocr.o) (__malloc_lock)
/opt/Atollic_TrueSTUDIO_for_STM32_x86_64_9.3.0/ARMTools/bin/../lib/gcc/arm-atollic-eabi/6.3.1/../../../../arm-atollic-eabi/lib/armv7e-m/fpu/libc.a(lib_a-mprec.o)
                              /opt/Atollic_TrueSTUDIO_for_STM32_x86_64_9.3.0/ARMTools/bin/../lib/gcc/arm-atollic-eabi/6.3.1/../../../../arm-atollic-eabi/lib/armv7e-m/fpu/libc.a(lib_a-dtoa.o) (_Balloc)
/opt/Atollic_TrueSTUDIO_for_STM32_x86_64_9.3.0/ARMTools/bin/../lib/gcc/arm-atollic-eabi/6.3.1/../../../../arm-atollic-eabi/lib/armv7e-m/fpu/libc.a(lib_a-sbrkr.o)
                              /opt/Atollic_TrueSTUDIO_for_STM32_x86_64_9.3.0/ARMTools/bin/../lib/gcc/arm-atollic-eabi/6.3.1/../../../../arm-atollic-eabi/lib/armv7e-m/fpu/libc.a(lib_a-mallocr.o) (_sbrk_r)
[...]
Memory Configuration

Name             Origin             Length             Attributes
RAM              0x0000000020000000 0x0000000000020000 xrw
CCMRAM           0x0000000010000000 0x0000000000010000 xrw
FLASH            0x0000000008000000 0x0000000000100000 xr
*default*        0x0000000000000000 0xffffffffffffffff

Linker script and memory map

LOAD /opt/Atollic_TrueSTUDIO_for_STM32_x86_64_9.3.0/ARMTools/bin/../lib/gcc/arm-atollic-eabi/6.3.1/armv7e-m/fpu/crti.o
LOAD /opt/Atollic_TrueSTUDIO_for_STM32_x86_64_9.3.0/ARMTools/bin/../lib/gcc/arm-atollic-eabi/6.3.1/armv7e-m/fpu/crtbegin.o
LOAD Drivers/LIS302DL/LIS302DL.o
LOAD Drivers/STM32F4xx_HAL_Driver/Src/stm32f4xx_hal.o
LOAD Drivers/STM32F4xx_HAL_Driver/Src/stm32f4xx_hal_cortex.o
LOAD Drivers/STM32F4xx_HAL_Driver/Src/stm32f4xx_hal_dma.o
LOAD Drivers/STM32F4xx_HAL_Driver/Src/stm32f4xx_hal_dma_ex.o
LOAD Drivers/STM32F4xx_HAL_Driver/Src/stm32f4xx_hal_exti.o
LOAD Drivers/STM32F4xx_HAL_Driver/Src/stm32f4xx_hal_flash.o
LOAD Drivers/STM32F4xx_HAL_Driver/Src/stm32f4xx_hal_flash_ex.o
LOAD Drivers/STM32F4xx_HAL_Driver/Src/stm32f4xx_hal_flash_ramfunc.o
LOAD Drivers/STM32F4xx_HAL_Driver/Src/stm32f4xx_hal_gpio.o
LOAD Drivers/STM32F4xx_HAL_Driver/Src/stm32f4xx_hal_pwr.o
LOAD Drivers/STM32F4xx_HAL_Driver/Src/stm32f4xx_hal_pwr_ex.o
LOAD Drivers/STM32F4xx_HAL_Driver/Src/stm32f4xx_hal_rcc.o
LOAD Drivers/STM32F4xx_HAL_Driver/Src/stm32f4xx_hal_rcc_ex.o
LOAD Drivers/STM32F4xx_HAL_Driver/Src/stm32f4xx_hal_spi.o
LOAD Drivers/STM32F4xx_HAL_Driver/Src/stm32f4xx_hal_tim.o
LOAD Drivers/STM32F4xx_HAL_Driver/Src/stm32f4xx_hal_tim_ex.o
LOAD Drivers/st7735/fonts.o
LOAD Drivers/st7735/st7735.o
LOAD Middlewares/Third_Party/FreeRTOS/Source/CMSIS_RTOS_V2/cmsis_os2.o
LOAD Middlewares/Third_Party/FreeRTOS/Source/croutine.o
LOAD Middlewares/Third_Party/FreeRTOS/Source/event_groups.o
LOAD Middlewares/Third_Party/FreeRTOS/Source/list.o
LOAD Middlewares/Third_Party/FreeRTOS/Source/portable/GCC/ARM_CM4F/port.o
LOAD Middlewares/Third_Party/FreeRTOS/Source/portable/MemMang/heap_4.o
LOAD Middlewares/Third_Party/FreeRTOS/Source/queue.o
LOAD Middlewares/Third_Party/FreeRTOS/Source/stream_buffer.o
LOAD Middlewares/Third_Party/FreeRTOS/Source/tasks.o
LOAD Middlewares/Third_Party/FreeRTOS/Source/timers.o
LOAD Src/freertos.o
LOAD Src/main.o
LOAD Src/stm32f4xx_hal_msp.o
LOAD Src/stm32f4xx_hal_timebase_tim.o
LOAD Src/stm32f4xx_it.o
LOAD Src/syscalls.o
LOAD Src/system_stm32f4xx.o
LOAD startup/startup_stm32f407xx.o
                0x0000000000001000                malloc_getpagesize_P = 0x1000
START GROUP
LOAD /opt/Atollic_TrueSTUDIO_for_STM32_x86_64_9.3.0/ARMTools/bin/../lib/gcc/arm-atollic-eabi/6.3.1/../../../../arm-atollic-eabi/lib/armv7e-m/fpu/libstdc++.a
LOAD /opt/Atollic_TrueSTUDIO_for_STM32_x86_64_9.3.0/ARMTools/bin/../lib/gcc/arm-atollic-eabi/6.3.1/../../../../arm-atollic-eabi/lib/armv7e-m/fpu/libsupc++.a
END GROUP
LOAD /opt/Atollic_TrueSTUDIO_for_STM32_x86_64_9.3.0/ARMTools/bin/../lib/gcc/arm-atollic-eabi/6.3.1/../../../../arm-atollic-eabi/lib/armv7e-m/fpu/libstdc++.a
LOAD /opt/Atollic_TrueSTUDIO_for_STM32_x86_64_9.3.0/ARMTools/bin/../lib/gcc/arm-atollic-eabi/6.3.1/../../../../arm-atollic-eabi/lib/armv7e-m/fpu/libm.a
LOAD /opt/Atollic_TrueSTUDIO_for_STM32_x86_64_9.3.0/ARMTools/bin/../lib/gcc/arm-atollic-eabi/6.3.1/../../../../arm-atollic-eabi/lib/armv7e-m/fpu/libc.a
START GROUP
LOAD /opt/Atollic_TrueSTUDIO_for_STM32_x86_64_9.3.0/ARMTools/bin/../lib/gcc/arm-atollic-eabi/6.3.1/armv7e-m/fpu/libgcc.a
LOAD /opt/Atollic_TrueSTUDIO_for_STM32_x86_64_9.3.0/ARMTools/bin/../lib/gcc/arm-atollic-eabi/6.3.1/../../../../arm-atollic-eabi/lib/armv7e-m/fpu/libc.a
END GROUP
START GROUP
LOAD /opt/Atollic_TrueSTUDIO_for_STM32_x86_64_9.3.0/ARMTools/bin/../lib/gcc/arm-atollic-eabi/6.3.1/armv7e-m/fpu/libgcc.a
LOAD /opt/Atollic_TrueSTUDIO_for_STM32_x86_64_9.3.0/ARMTools/bin/../lib/gcc/arm-atollic-eabi/6.3.1/../../../../arm-atollic-eabi/lib/armv7e-m/fpu/libc.a
LOAD /opt/Atollic_TrueSTUDIO_for_STM32_x86_64_9.3.0/ARMTools/bin/../lib/gcc/arm-atollic-eabi/6.3.1/../../../../arm-atollic-eabi/lib/armv7e-m/fpu/libnosys.a
END GROUP
LOAD /opt/Atollic_TrueSTUDIO_for_STM32_x86_64_9.3.0/ARMTools/bin/../lib/gcc/arm-atollic-eabi/6.3.1/armv7e-m/fpu/crtend.o
LOAD /opt/Atollic_TrueSTUDIO_for_STM32_x86_64_9.3.0/ARMTools/bin/../lib/gcc/arm-atollic-eabi/6.3.1/armv7e-m/fpu/crtn.o
                0x0000000020020000                _estack = 0x20020000
                0x0000000000000200                _Min_Heap_Size = 0x200
                0x0000000000000400                _Min_Stack_Size = 0x400

.isr_vector     0x0000000008000000      0x188
                0x0000000008000000                . = ALIGN (0x4)
 *(.isr_vector)
 .isr_vector    0x0000000008000000      0x188 startup/startup_stm32f407xx.o
                0x0000000008000000                g_pfnVectors
                0x0000000008000188                . = ALIGN (0x4)

.text           0x0000000008000190     0xaa40
                0x0000000008000190                . = ALIGN (0x4)
 *(.text)
 .text          0x0000000008000190       0x40 /opt/Atollic_TrueSTUDIO_for_STM32_x86_64_9.3.0/ARMTools/bin/../lib/gcc/arm-atollic-eabi/6.3.1/armv7e-m/fpu/crtbegin.o
 .text          0x00000000080001d0       0xa0 /opt/Atollic_TrueSTUDIO_for_STM32_x86_64_9.3.0/ARMTools/bin/../lib/gcc/arm-atollic-eabi/6.3.1/../../../../arm-atollic-eabi/lib/armv7e-m/fpu/libc.a(lib_a-memchr.o)
                0x00000000080001d0                memchr
 .text          0x0000000008000270       0x10 /opt/Atollic_TrueSTUDIO_for_STM32_x86_64_9.3.0/ARMTools/bin/../lib/gcc/arm-atollic-eabi/6.3.1/../../../../arm-atollic-eabi/lib/armv7e-m/fpu/libc.a(lib_a-strlen.o)
                0x0000000008000270                strlen
 .text          0x0000000008000280      0x370 /opt/Atollic_TrueSTUDIO_for_STM32_x86_64_9.3.0/ARMTools/bin/../lib/gcc/arm-atollic-eabi/6.3.1/armv7e-m/fpu/libgcc.a(_arm_addsubdf3.o)
                0x0000000008000280                __aeabi_drsub
                0x0000000008000288                __aeabi_dsub
                0x0000000008000288                __subdf3
                0x000000000800028c                __adddf3
                0x000000000800028c                __aeabi_dadd
                0x0000000008000504                __aeabi_ui2d
                0x0000000008000504                __floatunsidf
                0x0000000008000524                __floatsidf
                0x0000000008000524                __aeabi_i2d
                0x0000000008000548                __extendsfdf2
                0x0000000008000548                __aeabi_f2d
                0x0000000008000584                __aeabi_ul2d
                0x0000000008000584                __floatundidf
                0x0000000008000594                __floatdidf
                0x0000000008000594                __aeabi_l2d
 .text          0x00000000080005f0      0x424 /opt/Atollic_TrueSTUDIO_for_STM32_x86_64_9.3.0/ARMTools/bin/../lib/gcc/arm-atollic-eabi/6.3.1/armv7e-m/fpu/libgcc.a(_arm_muldivdf3.o)
                0x00000000080005f0                __aeabi_dmul
                0x00000000080005f0                __muldf3
                0x0000000008000844                __aeabi_ddiv
                0x0000000008000844                __divdf3
 .text          0x0000000008000a14      0x110 /opt/Atollic_TrueSTUDIO_for_STM32_x86_64_9.3.0/ARMTools/bin/../lib/gcc/arm-atollic-eabi/6.3.1/armv7e-m/fpu/libgcc.a(_arm_cmpdf2.o)
                0x0000000008000a14                __gtdf2
                0x0000000008000a14                __gedf2
                0x0000000008000a1c                __ltdf2
                0x0000000008000a1c                __ledf2
                0x0000000008000a24                __cmpdf2
                0x0000000008000a24                __eqdf2
                0x0000000008000a24                __nedf2
                0x0000000008000aa0                __aeabi_cdrcmple
                0x0000000008000ab0                __aeabi_cdcmple
                0x0000000008000ab0                __aeabi_cdcmpeq
                0x0000000008000ac0                __aeabi_dcmpeq
                0x0000000008000ad4                __aeabi_dcmplt
                0x0000000008000ae8                __aeabi_dcmple
                0x0000000008000afc                __aeabi_dcmpge
                0x0000000008000b10                __aeabi_dcmpgt
 .text          0x0000000008000b24       0x2c /opt/Atollic_TrueSTUDIO_for_STM32_x86_64_9.3.0/ARMTools/bin/../lib/gcc/arm-atollic-eabi/6.3.1/armv7e-m/fpu/libgcc.a(_arm_unorddf2.o)
                0x0000000008000b24                __aeabi_dcmpun
                0x0000000008000b24                __unorddf2
 .text          0x0000000008000b50       0x50 /opt/Atollic_TrueSTUDIO_for_STM32_x86_64_9.3.0/ARMTools/bin/../lib/gcc/arm-atollic-eabi/6.3.1/armv7e-m/fpu/libgcc.a(_arm_fixdfsi.o)
                0x0000000008000b50                __fixdfsi
                0x0000000008000b50                __aeabi_d2iz
 .text          0x0000000008000ba0       0x30 /opt/Atollic_TrueSTUDIO_for_STM32_x86_64_9.3.0/ARMTools/bin/../lib/gcc/arm-atollic-eabi/6.3.1/armv7e-m/fpu/libgcc.a(_aeabi_uldivmod.o)
                0x0000000008000ba0                __aeabi_uldivmod
 .text          0x0000000008000bd0      0x2dc /opt/Atollic_TrueSTUDIO_for_STM32_x86_64_9.3.0/ARMTools/bin/../lib/gcc/arm-atollic-eabi/6.3.1/armv7e-m/fpu/libgcc.a(_udivmoddi4.o)
                0x0000000008000bd0                __udivmoddi4
 .text          0x0000000008000eac        0x4 /opt/Atollic_TrueSTUDIO_for_STM32_x86_64_9.3.0/ARMTools/bin/../lib/gcc/arm-atollic-eabi/6.3.1/armv7e-m/fpu/libgcc.a(_dvmd_tls.o)
                0x0000000008000eac                __aeabi_ldiv0
                0x0000000008000eac                __aeabi_idiv0
 *(.text*)
 .text.LIS302DL_Select
                0x0000000008000eb0       0x18 Drivers/LIS302DL/LIS302DL.o
 .text.LIS302DL_Unselect
                0x0000000008000ec8       0x18 Drivers/LIS302DL/LIS302DL.o
 .text.LIS302DL_Init
                0x0000000008000ee0       0x30 Drivers/LIS302DL/LIS302DL.o
                0x0000000008000ee0                LIS302DL_Init
 .text.LIS302DL_GetX
                0x0000000008000f10       0x44 Drivers/LIS302DL/LIS302DL.o
                0x0000000008000f10                LIS302DL_GetX
 .text.LIS302DL_GetY
                0x0000000008000f54       0x44 Drivers/LIS302DL/LIS302DL.o
                0x0000000008000f54                LIS302DL_GetY
 .text.LIS302DL_GetZ
                0x0000000008000f98       0x44 Drivers/LIS302DL/LIS302DL.o
                0x0000000008000f98                LIS302DL_GetZ
 .text.HAL_Init
                0x0000000008000fdc       0x44 Drivers/STM32F4xx_HAL_Driver/Src/stm32f4xx_hal.o
                0x0000000008000fdc                HAL_Init
 .text.HAL_IncTick
                0x0000000008001020       0x28 Drivers/STM32F4xx_HAL_Driver/Src/stm32f4xx_hal.o
                0x0000000008001020                HAL_IncTick
 .text.HAL_GetTick
                0x0000000008001048       0x18 Drivers/STM32F4xx_HAL_Driver/Src/stm32f4xx_hal.o
                0x0000000008001048                HAL_GetTick
 .text.HAL_Delay
                0x0000000008001060       0x44 Drivers/STM32F4xx_HAL_Driver/Src/stm32f4xx_hal.o
                0x0000000008001060                HAL_Delay
 .text.__NVIC_SetPriorityGrouping
                0x00000000080010a4       0x48 Drivers/STM32F4xx_HAL_Driver/Src/stm32f4xx_hal_cortex.o
 .text.__NVIC_GetPriorityGrouping
                0x00000000080010ec       0x1c Drivers/STM32F4xx_HAL_Driver/Src/stm32f4xx_hal_cortex.o
 .text.__NVIC_EnableIRQ
                0x0000000008001108       0x3c Drivers/STM32F4xx_HAL_Driver/Src/stm32f4xx_hal_cortex.o
 .text.__NVIC_SetPriority
                0x0000000008001144       0x54 Drivers/STM32F4xx_HAL_Driver/Src/stm32f4xx_hal_cortex.o
 .text.NVIC_EncodePriority
                0x0000000008001198       0x62 Drivers/STM32F4xx_HAL_Driver/Src/stm32f4xx_hal_cortex.o
 .text.HAL_NVIC_SetPriorityGrouping
                0x00000000080011fa       0x16 Drivers/STM32F4xx_HAL_Driver/Src/stm32f4xx_hal_cortex.o
                0x00000000080011fa                HAL_NVIC_SetPriorityGrouping
 .text.HAL_NVIC_SetPriority
                0x0000000008001210       0x38 Drivers/STM32F4xx_HAL_Driver/Src/stm32f4xx_hal_cortex.o
                0x0000000008001210                HAL_NVIC_SetPriority
 .text.HAL_NVIC_EnableIRQ
                0x0000000008001248       0x1c Drivers/STM32F4xx_HAL_Driver/Src/stm32f4xx_hal_cortex.o
                0x0000000008001248                HAL_NVIC_EnableIRQ
 .text.HAL_DMA_Init
                0x0000000008001264      0x15c Drivers/STM32F4xx_HAL_Driver/Src/stm32f4xx_hal_dma.o
                0x0000000008001264                HAL_DMA_Init
 .text.HAL_DMA_Start_IT
                0x00000000080013c0       0xb0 Drivers/STM32F4xx_HAL_Driver/Src/stm32f4xx_hal_dma.o
                0x00000000080013c0                HAL_DMA_Start_IT
 .text.HAL_DMA_Abort_IT
                0x0000000008001470       0x44 Drivers/STM32F4xx_HAL_Driver/Src/stm32f4xx_hal_dma.o
                0x0000000008001470                HAL_DMA_Abort_IT
 .text.HAL_DMA_IRQHandler
                0x00000000080014b4      0x314 Drivers/STM32F4xx_HAL_Driver/Src/stm32f4xx_hal_dma.o
                0x00000000080014b4                HAL_DMA_IRQHandler
 .text.DMA_SetConfig
                0x00000000080017c8       0x5c Drivers/STM32F4xx_HAL_Driver/Src/stm32f4xx_hal_dma.o
 .text.DMA_CalcBaseAndBitshift
                0x0000000008001824       0x6c Drivers/STM32F4xx_HAL_Driver/Src/stm32f4xx_hal_dma.o
 .text.DMA_CheckFifoParam
                0x0000000008001890       0xf4 Drivers/STM32F4xx_HAL_Driver/Src/stm32f4xx_hal_dma.o
 .text.HAL_GPIO_Init
                0x0000000008001984      0x334 Drivers/STM32F4xx_HAL_Driver/Src/stm32f4xx_hal_gpio.o
                0x0000000008001984                HAL_GPIO_Init
 .text.HAL_GPIO_WritePin
                0x0000000008001cb8       0x32 Drivers/STM32F4xx_HAL_Driver/Src/stm32f4xx_hal_gpio.o
                0x0000000008001cb8                HAL_GPIO_WritePin
 *fill*         0x0000000008001cea        0x2 
 .text.HAL_RCC_OscConfig
                0x0000000008001cec      0x4e0 Drivers/STM32F4xx_HAL_Driver/Src/stm32f4xx_hal_rcc.o
                0x0000000008001cec                HAL_RCC_OscConfig
 .text.HAL_RCC_ClockConfig
                0x00000000080021cc      0x1cc Drivers/STM32F4xx_HAL_Driver/Src/stm32f4xx_hal_rcc.o
                0x00000000080021cc                HAL_RCC_ClockConfig
 .text.HAL_RCC_GetSysClockFreq
                0x0000000008002398      0x16c Drivers/STM32F4xx_HAL_Driver/Src/stm32f4xx_hal_rcc.o
                0x0000000008002398                HAL_RCC_GetSysClockFreq
 .text.HAL_RCC_GetHCLKFreq
                0x0000000008002504       0x18 Drivers/STM32F4xx_HAL_Driver/Src/stm32f4xx_hal_rcc.o
                0x0000000008002504                HAL_RCC_GetHCLKFreq
 .text.HAL_RCC_GetPCLK2Freq
                0x000000000800251c       0x28 Drivers/STM32F4xx_HAL_Driver/Src/stm32f4xx_hal_rcc.o
                0x000000000800251c                HAL_RCC_GetPCLK2Freq
 .text.HAL_RCC_GetClockConfig
                0x0000000008002544       0x64 Drivers/STM32F4xx_HAL_Driver/Src/stm32f4xx_hal_rcc.o
                0x0000000008002544                HAL_RCC_GetClockConfig
 .text.HAL_SPI_Init
                0x00000000080025a8       0xc6 Drivers/STM32F4xx_HAL_Driver/Src/stm32f4xx_hal_spi.o
                0x00000000080025a8                HAL_SPI_Init
 .text.HAL_SPI_Transmit
                0x000000000800266e      0x264 Drivers/STM32F4xx_HAL_Driver/Src/stm32f4xx_hal_spi.o
                0x000000000800266e                HAL_SPI_Transmit
 .text.HAL_SPI_Receive
                0x00000000080028d2      0x20c Drivers/STM32F4xx_HAL_Driver/Src/stm32f4xx_hal_spi.o
                0x00000000080028d2                HAL_SPI_Receive
 .text.HAL_SPI_TransmitReceive
                0x0000000008002ade      0x340 Drivers/STM32F4xx_HAL_Driver/Src/stm32f4xx_hal_spi.o
                0x0000000008002ade                HAL_SPI_TransmitReceive
 *fill*         0x0000000008002e1e        0x2 
 .text.HAL_SPI_Transmit_DMA
                0x0000000008002e20      0x15c Drivers/STM32F4xx_HAL_Driver/Src/stm32f4xx_hal_spi.o
                0x0000000008002e20                HAL_SPI_Transmit_DMA
 .text.HAL_SPI_IRQHandler
                0x0000000008002f7c      0x1ec Drivers/STM32F4xx_HAL_Driver/Src/stm32f4xx_hal_spi.o
                0x0000000008002f7c                HAL_SPI_IRQHandler
 .text.HAL_SPI_TxHalfCpltCallback
                0x0000000008003168       0x14 Drivers/STM32F4xx_HAL_Driver/Src/stm32f4xx_hal_spi.o
                0x0000000008003168                HAL_SPI_TxHalfCpltCallback
 .text.HAL_SPI_ErrorCallback
                0x000000000800317c       0x14 Drivers/STM32F4xx_HAL_Driver/Src/stm32f4xx_hal_spi.o
                0x000000000800317c                HAL_SPI_ErrorCallback
 .text.SPI_DMATransmitCplt
                0x0000000008003190       0xa8 Drivers/STM32F4xx_HAL_Driver/Src/stm32f4xx_hal_spi.o
 .text.SPI_DMAHalfTransmitCplt
                0x0000000008003238       0x1c Drivers/STM32F4xx_HAL_Driver/Src/stm32f4xx_hal_spi.o
 .text.SPI_DMAError
                0x0000000008003254       0x40 Drivers/STM32F4xx_HAL_Driver/Src/stm32f4xx_hal_spi.o
 .text.SPI_DMAAbortOnError
                0x0000000008003294       0x28 Drivers/STM32F4xx_HAL_Driver/Src/stm32f4xx_hal_spi.o
 .text.SPI_WaitFlagStateUntilTimeout
                0x00000000080032bc       0xd4 Drivers/STM32F4xx_HAL_Driver/Src/stm32f4xx_hal_spi.o
 .text.SPI_EndRxTransaction
                0x0000000008003390       0xca Drivers/STM32F4xx_HAL_Driver/Src/stm32f4xx_hal_spi.o
 *fill*         0x000000000800345a        0x2 
 .text.SPI_EndRxTxTransaction
                0x000000000800345c       0x84 Drivers/STM32F4xx_HAL_Driver/Src/stm32f4xx_hal_spi.o
 .text.HAL_TIM_Base_Init
                0x00000000080034e0       0x56 Drivers/STM32F4xx_HAL_Driver/Src/stm32f4xx_hal_tim.o
                0x00000000080034e0                HAL_TIM_Base_Init
 .text.HAL_TIM_Base_MspInit
                0x0000000008003536       0x14 Drivers/STM32F4xx_HAL_Driver/Src/stm32f4xx_hal_tim.o
                0x0000000008003536                HAL_TIM_Base_MspInit
 .text.HAL_TIM_Base_Start_IT
                0x000000000800354a       0x48 Drivers/STM32F4xx_HAL_Driver/Src/stm32f4xx_hal_tim.o
                0x000000000800354a                HAL_TIM_Base_Start_IT
 .text.HAL_TIM_IRQHandler
                0x0000000008003592      0x210 Drivers/STM32F4xx_HAL_Driver/Src/stm32f4xx_hal_tim.o
                0x0000000008003592                HAL_TIM_IRQHandler
 .text.HAL_TIM_OC_DelayElapsedCallback
                0x00000000080037a2       0x14 Drivers/STM32F4xx_HAL_Driver/Src/stm32f4xx_hal_tim.o
                0x00000000080037a2                HAL_TIM_OC_DelayElapsedCallback
 .text.HAL_TIM_IC_CaptureCallback
                0x00000000080037b6       0x14 Drivers/STM32F4xx_HAL_Driver/Src/stm32f4xx_hal_tim.o
                0x00000000080037b6                HAL_TIM_IC_CaptureCallback
 .text.HAL_TIM_PWM_PulseFinishedCallback
                0x00000000080037ca       0x14 Drivers/STM32F4xx_HAL_Driver/Src/stm32f4xx_hal_tim.o
                0x00000000080037ca                HAL_TIM_PWM_PulseFinishedCallback
 .text.HAL_TIM_TriggerCallback
                0x00000000080037de       0x14 Drivers/STM32F4xx_HAL_Driver/Src/stm32f4xx_hal_tim.o
                0x00000000080037de                HAL_TIM_TriggerCallback
 *fill*         0x00000000080037f2        0x2 
 .text.TIM_Base_SetConfig
                0x00000000080037f4      0x140 Drivers/STM32F4xx_HAL_Driver/Src/stm32f4xx_hal_tim.o
                0x00000000080037f4                TIM_Base_SetConfig
 .text.HAL_TIMEx_CommutCallback
                0x0000000008003934       0x14 Drivers/STM32F4xx_HAL_Driver/Src/stm32f4xx_hal_tim_ex.o
                0x0000000008003934                HAL_TIMEx_CommutCallback
 .text.HAL_TIMEx_BreakCallback
                0x0000000008003948       0x14 Drivers/STM32F4xx_HAL_Driver/Src/stm32f4xx_hal_tim_ex.o
                0x0000000008003948                HAL_TIMEx_BreakCallback
 .text.ST7735_Select
                0x000000000800395c       0x18 Drivers/st7735/st7735.o
 .text.ST7735_Unselect
                0x0000000008003974       0x18 Drivers/st7735/st7735.o
                0x0000000008003974                ST7735_Unselect
 .text.ST7735_Reset
                0x000000000800398c       0x30 Drivers/st7735/st7735.o
 .text.ST7735_WriteCommand
                0x00000000080039bc       0x50 Drivers/st7735/st7735.o
 .text.ST7735_WriteData
                0x0000000008003a0c       0x74 Drivers/st7735/st7735.o
 .text.ST7735_ExecuteCommandList
                0x0000000008003a80       0x90 Drivers/st7735/st7735.o
 .text.ST7735_SetAddressWindow
                0x0000000008003b10       0x68 Drivers/st7735/st7735.o
 .text.ST7735_Init
                0x0000000008003b78       0x2c Drivers/st7735/st7735.o
                0x0000000008003b78                ST7735_Init
 .text.ST7735_Refresh
                0x0000000008003ba4       0x24 Drivers/st7735/st7735.o
                0x0000000008003ba4                ST7735_Refresh
 .text.ST7735_AddHorLine
                0x0000000008003bc8       0xec Drivers/st7735/st7735.o
                0x0000000008003bc8                ST7735_AddHorLine
 .text.ST7735_AddVerLine
                0x0000000008003cb4       0xec Drivers/st7735/st7735.o
                0x0000000008003cb4                ST7735_AddVerLine
 .text.ST7735_AddRectangle
                0x0000000008003da0       0x9c Drivers/st7735/st7735.o
                0x0000000008003da0                ST7735_AddRectangle
 .text.ST7735_AddFill
                0x0000000008003e3c       0x64 Drivers/st7735/st7735.o
                0x0000000008003e3c                ST7735_AddFill
 .text.ST7735_AddChar
                0x0000000008003ea0       0xa4 Drivers/st7735/st7735.o
 .text.ST7735_AddString
                0x0000000008003f44       0xcc Drivers/st7735/st7735.o
                0x0000000008003f44                ST7735_AddString
 .text.pushChannelData
                0x0000000008004010       0x62 Drivers/st7735/st7735.o
                0x0000000008004010                pushChannelData
 *fill*         0x0000000008004072        0x2 
 .text.printChannelData
                0x0000000008004074      0x10c Drivers/st7735/st7735.o
                0x0000000008004074                printChannelData
 .text.SVC_Setup
                0x0000000008004180        0xe Middlewares/Third_Party/FreeRTOS/Source/CMSIS_RTOS_V2/cmsis_os2.o
 *fill*         0x000000000800418e        0x2 
 .text.osKernelInitialize
                0x0000000008004190       0x68 Middlewares/Third_Party/FreeRTOS/Source/CMSIS_RTOS_V2/cmsis_os2.o
                0x0000000008004190                osKernelInitialize
 .text.osKernelStart
                0x00000000080041f8       0x6c Middlewares/Third_Party/FreeRTOS/Source/CMSIS_RTOS_V2/cmsis_os2.o
                0x00000000080041f8                osKernelStart
 .text.osThreadNew
                0x0000000008004264      0x14c Middlewares/Third_Party/FreeRTOS/Source/CMSIS_RTOS_V2/cmsis_os2.o
                0x0000000008004264                osThreadNew
 .text.osDelay  0x00000000080043b0       0x5c Middlewares/Third_Party/FreeRTOS/Source/CMSIS_RTOS_V2/cmsis_os2.o
                0x00000000080043b0                osDelay
 .text.vApplicationGetIdleTaskMemory
                0x000000000800440c       0x34 Middlewares/Third_Party/FreeRTOS/Source/CMSIS_RTOS_V2/cmsis_os2.o
                0x000000000800440c                vApplicationGetIdleTaskMemory
 .text.vApplicationGetTimerTaskMemory
                0x0000000008004440       0x34 Middlewares/Third_Party/FreeRTOS/Source/CMSIS_RTOS_V2/cmsis_os2.o
                0x0000000008004440                vApplicationGetTimerTaskMemory
 .text.vListInitialise
                0x0000000008004474       0x40 Middlewares/Third_Party/FreeRTOS/Source/list.o
                0x0000000008004474                vListInitialise
 .text.vListInitialiseItem
                0x00000000080044b4       0x1a Middlewares/Third_Party/FreeRTOS/Source/list.o
                0x00000000080044b4                vListInitialiseItem
 .text.vListInsertEnd
                0x00000000080044ce       0x48 Middlewares/Third_Party/FreeRTOS/Source/list.o
                0x00000000080044ce                vListInsertEnd
 .text.vListInsert
                0x0000000008004516       0x72 Middlewares/Third_Party/FreeRTOS/Source/list.o
                0x0000000008004516                vListInsert
 .text.uxListRemove
                0x0000000008004588       0x54 Middlewares/Third_Party/FreeRTOS/Source/list.o
                0x0000000008004588                uxListRemove
 .text.pxPortInitialiseStack
                0x00000000080045dc       0x68 Middlewares/Third_Party/FreeRTOS/Source/portable/GCC/ARM_CM4F/port.o
                0x00000000080045dc                pxPortInitialiseStack
 .text.prvTaskExitError
                0x0000000008004644       0x54 Middlewares/Third_Party/FreeRTOS/Source/portable/GCC/ARM_CM4F/port.o
 *fill*         0x0000000008004698        0x8 
 .text.SVC_Handler
                0x00000000080046a0       0x28 Middlewares/Third_Party/FreeRTOS/Source/portable/GCC/ARM_CM4F/port.o
                0x00000000080046a0                SVC_Handler
 .text.prvPortStartFirstTask
                0x00000000080046c8       0x28 Middlewares/Third_Party/FreeRTOS/Source/portable/GCC/ARM_CM4F/port.o
 .text.xPortStartScheduler
                0x00000000080046f0      0x13c Middlewares/Third_Party/FreeRTOS/Source/portable/GCC/ARM_CM4F/port.o
                0x00000000080046f0                xPortStartScheduler
 .text.vPortEnterCritical
                0x000000000800482c       0x5c Middlewares/Third_Party/FreeRTOS/Source/portable/GCC/ARM_CM4F/port.o
                0x000000000800482c                vPortEnterCritical
 .text.vPortExitCritical
                0x0000000008004888       0x50 Middlewares/Third_Party/FreeRTOS/Source/portable/GCC/ARM_CM4F/port.o
                0x0000000008004888                vPortExitCritical
 *fill*         0x00000000080048d8        0x8 
 .text.PendSV_Handler
                0x00000000080048e0       0x68 Middlewares/Third_Party/FreeRTOS/Source/portable/GCC/ARM_CM4F/port.o
                0x00000000080048e0                PendSV_Handler
 .text.SysTick_Handler
                0x0000000008004948       0x40 Middlewares/Third_Party/FreeRTOS/Source/portable/GCC/ARM_CM4F/port.o
                0x0000000008004948                SysTick_Handler
 .text.vPortSetupTimerInterrupt
                0x0000000008004988       0x48 Middlewares/Third_Party/FreeRTOS/Source/portable/GCC/ARM_CM4F/port.o
                0x0000000008004988                vPortSetupTimerInterrupt
 .text.vPortEnableVFP
                0x00000000080049d0       0x14 Middlewares/Third_Party/FreeRTOS/Source/portable/GCC/ARM_CM4F/port.o
 .text.vPortValidateInterruptPriority
                0x00000000080049e4       0x7c Middlewares/Third_Party/FreeRTOS/Source/portable/GCC/ARM_CM4F/port.o
                0x00000000080049e4                vPortValidateInterruptPriority
 .text.pvPortMalloc
                0x0000000008004a60      0x184 Middlewares/Third_Party/FreeRTOS/Source/portable/MemMang/heap_4.o
                0x0000000008004a60                pvPortMalloc
 .text.vPortFree
                0x0000000008004be4       0xb0 Middlewares/Third_Party/FreeRTOS/Source/portable/MemMang/heap_4.o
                0x0000000008004be4                vPortFree
 .text.prvHeapInit
                0x0000000008004c94       0xc4 Middlewares/Third_Party/FreeRTOS/Source/portable/MemMang/heap_4.o
 .text.prvInsertBlockIntoFreeList
                0x0000000008004d58       0xb4 Middlewares/Third_Party/FreeRTOS/Source/portable/MemMang/heap_4.o
 .text.xQueueGenericReset
                0x0000000008004e0c       0xd0 Middlewares/Third_Party/FreeRTOS/Source/queue.o
                0x0000000008004e0c                xQueueGenericReset
 .text.xQueueGenericCreateStatic
                0x0000000008004edc       0xe6 Middlewares/Third_Party/FreeRTOS/Source/queue.o
                0x0000000008004edc                xQueueGenericCreateStatic
 .text.xQueueGenericCreate
                0x0000000008004fc2       0x7e Middlewares/Third_Party/FreeRTOS/Source/queue.o
                0x0000000008004fc2                xQueueGenericCreate
 .text.prvInitialiseNewQueue
                0x0000000008005040       0x46 Middlewares/Third_Party/FreeRTOS/Source/queue.o
 *fill*         0x0000000008005086        0x2 
 .text.xQueueGenericSend
                0x0000000008005088      0x1f4 Middlewares/Third_Party/FreeRTOS/Source/queue.o
                0x0000000008005088                xQueueGenericSend
 .text.xQueueGenericSendFromISR
                0x000000000800527c      0x128 Middlewares/Third_Party/FreeRTOS/Source/queue.o
                0x000000000800527c                xQueueGenericSendFromISR
 .text.xQueueGiveFromISR
                0x00000000080053a4      0x112 Middlewares/Third_Party/FreeRTOS/Source/queue.o
                0x00000000080053a4                xQueueGiveFromISR
 *fill*         0x00000000080054b6        0x2 
 .text.xQueueReceive
                0x00000000080054b8      0x1b8 Middlewares/Third_Party/FreeRTOS/Source/queue.o
                0x00000000080054b8                xQueueReceive
 .text.xQueueSemaphoreTake
                0x0000000008005670      0x210 Middlewares/Third_Party/FreeRTOS/Source/queue.o
                0x0000000008005670                xQueueSemaphoreTake
 .text.prvGetDisinheritPriorityAfterTimeout
                0x0000000008005880       0x30 Middlewares/Third_Party/FreeRTOS/Source/queue.o
 .text.prvCopyDataToQueue
                0x00000000080058b0       0xd4 Middlewares/Third_Party/FreeRTOS/Source/queue.o
 .text.prvCopyDataFromQueue
                0x0000000008005984       0x4c Middlewares/Third_Party/FreeRTOS/Source/queue.o
 .text.prvUnlockQueue
                0x00000000080059d0       0xa4 Middlewares/Third_Party/FreeRTOS/Source/queue.o
 .text.prvIsQueueEmpty
                0x0000000008005a74       0x2c Middlewares/Third_Party/FreeRTOS/Source/queue.o
 .text.prvIsQueueFull
                0x0000000008005aa0       0x30 Middlewares/Third_Party/FreeRTOS/Source/queue.o
 .text.vQueueAddToRegistry
                0x0000000008005ad0       0x50 Middlewares/Third_Party/FreeRTOS/Source/queue.o
                0x0000000008005ad0                vQueueAddToRegistry
 .text.vQueueWaitForMessageRestricted
                0x0000000008005b20       0x68 Middlewares/Third_Party/FreeRTOS/Source/queue.o
                0x0000000008005b20                vQueueWaitForMessageRestricted
 .text.xTaskCreateStatic
                0x0000000008005b88       0xb4 Middlewares/Third_Party/FreeRTOS/Source/tasks.o
                0x0000000008005b88                xTaskCreateStatic
 .text.xTaskCreate
                0x0000000008005c3c       0x8a Middlewares/Third_Party/FreeRTOS/Source/tasks.o
                0x0000000008005c3c                xTaskCreate
 .text.prvInitialiseNewTask
                0x0000000008005cc6      0x11c Middlewares/Third_Party/FreeRTOS/Source/tasks.o
 *fill*         0x0000000008005de2        0x2 
 .text.prvAddNewTaskToReadyList
                0x0000000008005de4       0xe0 Middlewares/Third_Party/FreeRTOS/Source/tasks.o
 .text.vTaskDelay
                0x0000000008005ec4       0x68 Middlewares/Third_Party/FreeRTOS/Source/tasks.o
                0x0000000008005ec4                vTaskDelay
 .text.vTaskStartScheduler
                0x0000000008005f2c       0xc8 Middlewares/Third_Party/FreeRTOS/Source/tasks.o
                0x0000000008005f2c                vTaskStartScheduler
 .text.vTaskSuspendAll
                0x0000000008005ff4       0x1c Middlewares/Third_Party/FreeRTOS/Source/tasks.o
                0x0000000008005ff4                vTaskSuspendAll
 .text.xTaskResumeAll
                0x0000000008006010      0x138 Middlewares/Third_Party/FreeRTOS/Source/tasks.o
                0x0000000008006010                xTaskResumeAll
 .text.xTaskGetTickCount
                0x0000000008006148       0x20 Middlewares/Third_Party/FreeRTOS/Source/tasks.o
                0x0000000008006148                xTaskGetTickCount
 .text.xTaskIncrementTick
                0x0000000008006168      0x170 Middlewares/Third_Party/FreeRTOS/Source/tasks.o
                0x0000000008006168                xTaskIncrementTick
 .text.vTaskSwitchContext
                0x00000000080062d8       0xb8 Middlewares/Third_Party/FreeRTOS/Source/tasks.o
                0x00000000080062d8                vTaskSwitchContext
 .text.vTaskPlaceOnEventList
                0x0000000008006390       0x48 Middlewares/Third_Party/FreeRTOS/Source/tasks.o
                0x0000000008006390                vTaskPlaceOnEventList
 .text.vTaskPlaceOnEventListRestricted
                0x00000000080063d8       0x54 Middlewares/Third_Party/FreeRTOS/Source/tasks.o
                0x00000000080063d8                vTaskPlaceOnEventListRestricted
 .text.xTaskRemoveFromEventList
                0x000000000800642c       0xc4 Middlewares/Third_Party/FreeRTOS/Source/tasks.o
                0x000000000800642c                xTaskRemoveFromEventList
 .text.vTaskInternalSetTimeOutState
                0x00000000080064f0       0x2c Middlewares/Third_Party/FreeRTOS/Source/tasks.o
                0x00000000080064f0                vTaskInternalSetTimeOutState
 .text.xTaskCheckForTimeOut
                0x000000000800651c       0xc0 Middlewares/Third_Party/FreeRTOS/Source/tasks.o
                0x000000000800651c                xTaskCheckForTimeOut
 .text.vTaskMissedYield
                0x00000000080065dc       0x18 Middlewares/Third_Party/FreeRTOS/Source/tasks.o
                0x00000000080065dc                vTaskMissedYield
 .text.prvIdleTask
                0x00000000080065f4       0x30 Middlewares/Third_Party/FreeRTOS/Source/tasks.o
 .text.prvInitialiseTaskLists
                0x0000000008006624       0x80 Middlewares/Third_Party/FreeRTOS/Source/tasks.o
 .text.prvCheckTasksWaitingTermination
                0x00000000080066a4       0x58 Middlewares/Third_Party/FreeRTOS/Source/tasks.o
 .text.prvDeleteTCB
                0x00000000080066fc       0x5c Middlewares/Third_Party/FreeRTOS/Source/tasks.o
 .text.prvResetNextTaskUnblockTime
                0x0000000008006758       0x40 Middlewares/Third_Party/FreeRTOS/Source/tasks.o
 .text.xTaskGetSchedulerState
                0x0000000008006798       0x3c Middlewares/Third_Party/FreeRTOS/Source/tasks.o
                0x0000000008006798                xTaskGetSchedulerState
 .text.xTaskPriorityInherit
                0x00000000080067d4       0xd0 Middlewares/Third_Party/FreeRTOS/Source/tasks.o
                0x00000000080067d4                xTaskPriorityInherit
 .text.xTaskPriorityDisinherit
                0x00000000080068a4       0xd8 Middlewares/Third_Party/FreeRTOS/Source/tasks.o
                0x00000000080068a4                xTaskPriorityDisinherit
 .text.vTaskPriorityDisinheritAfterTimeout
                0x000000000800697c      0x100 Middlewares/Third_Party/FreeRTOS/Source/tasks.o
                0x000000000800697c                vTaskPriorityDisinheritAfterTimeout
 .text.pvTaskIncrementMutexHeldCount
                0x0000000008006a7c       0x28 Middlewares/Third_Party/FreeRTOS/Source/tasks.o
                0x0000000008006a7c                pvTaskIncrementMutexHeldCount
 .text.prvAddCurrentTaskToDelayedList
                0x0000000008006aa4       0xa8 Middlewares/Third_Party/FreeRTOS/Source/tasks.o
 .text.xTimerCreateTimerTask
                0x0000000008006b4c       0x90 Middlewares/Third_Party/FreeRTOS/Source/timers.o
                0x0000000008006b4c                xTimerCreateTimerTask
 .text.xTimerGenericCommand
                0x0000000008006bdc       0x98 Middlewares/Third_Party/FreeRTOS/Source/timers.o
                0x0000000008006bdc                xTimerGenericCommand
 .text.prvProcessExpiredTimer
                0x0000000008006c74       0x98 Middlewares/Third_Party/FreeRTOS/Source/timers.o
 .text.prvTimerTask
                0x0000000008006d0c       0x24 Middlewares/Third_Party/FreeRTOS/Source/timers.o
 .text.prvProcessTimerOrBlockTask
                0x0000000008006d30       0x9c Middlewares/Third_Party/FreeRTOS/Source/timers.o
 .text.prvGetNextExpireTime
                0x0000000008006dcc       0x48 Middlewares/Third_Party/FreeRTOS/Source/timers.o
 .text.prvSampleTimeNow
                0x0000000008006e14       0x40 Middlewares/Third_Party/FreeRTOS/Source/timers.o
 .text.prvInsertTimerInActiveList
                0x0000000008006e54       0x84 Middlewares/Third_Party/FreeRTOS/Source/timers.o
 .text.prvProcessReceivedCommands
                0x0000000008006ed8      0x1b8 Middlewares/Third_Party/FreeRTOS/Source/timers.o
 .text.prvSwitchTimerLists
                0x0000000008007090       0xc8 Middlewares/Third_Party/FreeRTOS/Source/timers.o
 .text.prvCheckForValidListAndQueue
                0x0000000008007158       0x80 Middlewares/Third_Party/FreeRTOS/Source/timers.o
 .text.vTaskDisplayTest
                0x00000000080071d8      0x3a4 Src/main.o
                0x00000000080071d8                vTaskDisplayTest
 .text.main     0x000000000800757c       0x88 Src/main.o
                0x000000000800757c                main
 .text.SystemClock_Config
                0x0000000008007604       0xd4 Src/main.o
                0x0000000008007604                SystemClock_Config
 .text.MX_NVIC_Init
                0x00000000080076d8       0x28 Src/main.o
 .text.MX_SPI1_Init
                0x0000000008007700       0x6c Src/main.o
 .text.MX_SPI3_Init
                0x000000000800776c       0x6c Src/main.o
 .text.MX_DMA_Init
                0x00000000080077d8       0x34 Src/main.o
 .text.MX_GPIO_Init
                0x000000000800780c      0x160 Src/main.o
 .text.HAL_SPI_TxCpltCallback
                0x000000000800796c       0x24 Src/main.o
                0x000000000800796c                HAL_SPI_TxCpltCallback
 .text.StartDefaultTask
                0x0000000008007990       0x10 Src/main.o
                0x0000000008007990                StartDefaultTask
 .text.HAL_TIM_PeriodElapsedCallback
                0x00000000080079a0       0x24 Src/main.o
                0x00000000080079a0                HAL_TIM_PeriodElapsedCallback
 .text.Error_Handler
                0x00000000080079c4        0xe Src/main.o
                0x00000000080079c4                Error_Handler
 *fill*         0x00000000080079d2        0x2 
 .text.HAL_MspInit
                0x00000000080079d4       0x58 Src/stm32f4xx_hal_msp.o
                0x00000000080079d4                HAL_MspInit
 .text.HAL_SPI_MspInit
                0x0000000008007a2c      0x160 Src/stm32f4xx_hal_msp.o
                0x0000000008007a2c                HAL_SPI_MspInit
 .text.HAL_InitTick
                0x0000000008007b8c       0xb4 Src/stm32f4xx_hal_timebase_tim.o
                0x0000000008007b8c                HAL_InitTick
 .text.NMI_Handler
                0x0000000008007c40        0xe Src/stm32f4xx_it.o
                0x0000000008007c40                NMI_Handler
 .text.HardFault_Handler
                0x0000000008007c4e        0x6 Src/stm32f4xx_it.o
                0x0000000008007c4e                HardFault_Handler
 .text.MemManage_Handler
                0x0000000008007c54        0x6 Src/stm32f4xx_it.o
                0x0000000008007c54                MemManage_Handler
 .text.BusFault_Handler
                0x0000000008007c5a        0x6 Src/stm32f4xx_it.o
                0x0000000008007c5a                BusFault_Handler
 .text.UsageFault_Handler
                0x0000000008007c60        0x6 Src/stm32f4xx_it.o
                0x0000000008007c60                UsageFault_Handler
 .text.DebugMon_Handler
                0x0000000008007c66        0xe Src/stm32f4xx_it.o
                0x0000000008007c66                DebugMon_Handler
 .text.TIM1_UP_TIM10_IRQHandler
                0x0000000008007c74       0x14 Src/stm32f4xx_it.o
                0x0000000008007c74                TIM1_UP_TIM10_IRQHandler
 .text.DMA1_Stream7_IRQHandler
                0x0000000008007c88       0x14 Src/stm32f4xx_it.o
                0x0000000008007c88                DMA1_Stream7_IRQHandler
 .text.SPI3_IRQHandler
                0x0000000008007c9c       0x14 Src/stm32f4xx_it.o
                0x0000000008007c9c                SPI3_IRQHandler
 .text._sbrk    0x0000000008007cb0       0x58 Src/syscalls.o
                0x0000000008007cb0                _sbrk
 .text.SystemInit
                0x0000000008007d08       0x2c Src/system_stm32f4xx.o
                0x0000000008007d08                SystemInit
 .text.Reset_Handler
                0x0000000008007d34       0x50 startup/startup_stm32f407xx.o
                0x0000000008007d34                Reset_Handler
 .text.Default_Handler
                0x0000000008007d84        0x2 startup/startup_stm32f407xx.o
                0x0000000008007d84                RTC_Alarm_IRQHandler
                0x0000000008007d84                HASH_RNG_IRQHandler
                0x0000000008007d84                EXTI2_IRQHandler
                0x0000000008007d84                TIM8_CC_IRQHandler
                0x0000000008007d84                TIM1_CC_IRQHandler
                0x0000000008007d84                DMA2_Stream5_IRQHandler
                0x0000000008007d84                DMA1_Stream5_IRQHandler
                0x0000000008007d84                PVD_IRQHandler
                0x0000000008007d84                SDIO_IRQHandler
                0x0000000008007d84                TAMP_STAMP_IRQHandler
                0x0000000008007d84                CAN2_RX1_IRQHandler
                0x0000000008007d84                EXTI3_IRQHandler
                0x0000000008007d84                TIM8_TRG_COM_TIM14_IRQHandler
                0x0000000008007d84                TIM8_UP_TIM13_IRQHandler
                0x0000000008007d84                I2C3_ER_IRQHandler
                0x0000000008007d84                EXTI0_IRQHandler
                0x0000000008007d84                I2C2_EV_IRQHandler
                0x0000000008007d84                DMA1_Stream2_IRQHandler
                0x0000000008007d84                CAN1_RX0_IRQHandler
                0x0000000008007d84                FPU_IRQHandler
                0x0000000008007d84                OTG_HS_WKUP_IRQHandler
                0x0000000008007d84                CAN2_SCE_IRQHandler
                0x0000000008007d84                DMA2_Stream2_IRQHandler
                0x0000000008007d84                SPI1_IRQHandler
                0x0000000008007d84                TIM6_DAC_IRQHandler
                0x0000000008007d84                TIM1_BRK_TIM9_IRQHandler
                0x0000000008007d84                DCMI_IRQHandler
                0x0000000008007d84                CAN2_RX0_IRQHandler
                0x0000000008007d84                DMA2_Stream3_IRQHandler
                0x0000000008007d84                USART6_IRQHandler
                0x0000000008007d84                USART3_IRQHandler
                0x0000000008007d84                CAN1_RX1_IRQHandler
                0x0000000008007d84                UART5_IRQHandler
                0x0000000008007d84                DMA2_Stream0_IRQHandler
                0x0000000008007d84                TIM4_IRQHandler
                0x0000000008007d84                I2C1_EV_IRQHandler
                0x0000000008007d84                DMA1_Stream6_IRQHandler
                0x0000000008007d84                DMA1_Stream1_IRQHandler
                0x0000000008007d84                UART4_IRQHandler
                0x0000000008007d84                TIM3_IRQHandler
                0x0000000008007d84                RCC_IRQHandler
                0x0000000008007d84                TIM8_BRK_TIM12_IRQHandler
                0x0000000008007d84                Default_Handler
                0x0000000008007d84                EXTI15_10_IRQHandler
                0x0000000008007d84                ADC_IRQHandler
                0x0000000008007d84                TIM7_IRQHandler
                0x0000000008007d84                CAN2_TX_IRQHandler
                0x0000000008007d84                TIM5_IRQHandler
                0x0000000008007d84                DMA2_Stream7_IRQHandler
                0x0000000008007d84                I2C3_EV_IRQHandler
                0x0000000008007d84                EXTI9_5_IRQHandler
                0x0000000008007d84                RTC_WKUP_IRQHandler
                0x0000000008007d84                ETH_WKUP_IRQHandler
                0x0000000008007d84                SPI2_IRQHandler
                0x0000000008007d84                OTG_HS_EP1_IN_IRQHandler
                0x0000000008007d84                DMA1_Stream0_IRQHandler
                0x0000000008007d84                CAN1_TX_IRQHandler
                0x0000000008007d84                EXTI4_IRQHandler
                0x0000000008007d84                FSMC_IRQHandler
                0x0000000008007d84                ETH_IRQHandler
                0x0000000008007d84                OTG_HS_EP1_OUT_IRQHandler
                0x0000000008007d84                WWDG_IRQHandler
                0x0000000008007d84                TIM2_IRQHandler
                0x0000000008007d84                OTG_FS_WKUP_IRQHandler
                0x0000000008007d84                TIM1_TRG_COM_TIM11_IRQHandler
                0x0000000008007d84                OTG_HS_IRQHandler
                0x0000000008007d84                EXTI1_IRQHandler
                0x0000000008007d84                USART2_IRQHandler
                0x0000000008007d84                I2C2_ER_IRQHandler
                0x0000000008007d84                DMA2_Stream1_IRQHandler
                0x0000000008007d84                CAN1_SCE_IRQHandler
                0x0000000008007d84                FLASH_IRQHandler
                0x0000000008007d84                DMA2_Stream4_IRQHandler
                0x0000000008007d84                USART1_IRQHandler
                0x0000000008007d84                OTG_FS_IRQHandler
                0x0000000008007d84                DMA1_Stream4_IRQHandler
                0x0000000008007d84                I2C1_ER_IRQHandler
                0x0000000008007d84                DMA2_Stream6_IRQHandler
                0x0000000008007d84                DMA1_Stream3_IRQHandler
 *fill*         0x0000000008007d86        0x2 
 .text.__errno  0x0000000008007d88        0xc /opt/Atollic_TrueSTUDIO_for_STM32_x86_64_9.3.0/ARMTools/bin/../lib/gcc/arm-atollic-eabi/6.3.1/../../../../arm-atollic-eabi/lib/armv7e-m/fpu/libc.a(lib_a-errno.o)
                0x0000000008007d88                __errno
 .text.__libc_init_array
                0x0000000008007d94       0x48 /opt/Atollic_TrueSTUDIO_for_STM32_x86_64_9.3.0/ARMTools/bin/../lib/gcc/arm-atollic-eabi/6.3.1/../../../../arm-atollic-eabi/lib/armv7e-m/fpu/libc.a(lib_a-init.o)
                0x0000000008007d94                __libc_init_array
 .text.memcpy   0x0000000008007ddc       0x16 /opt/Atollic_TrueSTUDIO_for_STM32_x86_64_9.3.0/ARMTools/bin/../lib/gcc/arm-atollic-eabi/6.3.1/../../../../arm-atollic-eabi/lib/armv7e-m/fpu/libc.a(lib_a-memcpy-stub.o)
                0x0000000008007ddc                memcpy
 .text.memset   0x0000000008007df2       0x10 /opt/Atollic_TrueSTUDIO_for_STM32_x86_64_9.3.0/ARMTools/bin/../lib/gcc/arm-atollic-eabi/6.3.1/../../../../arm-atollic-eabi/lib/armv7e-m/fpu/libc.a(lib_a-memset.o)
                0x0000000008007df2                memset
 *fill*         0x0000000008007e02        0x2 
 .text.sprintf  0x0000000008007e04       0x48 /opt/Atollic_TrueSTUDIO_for_STM32_x86_64_9.3.0/ARMTools/bin/../lib/gcc/arm-atollic-eabi/6.3.1/../../../../arm-atollic-eabi/lib/armv7e-m/fpu/libc.a(lib_a-sprintf.o)
                0x0000000008007e04                sprintf
 *fill*         0x0000000008007e4c        0x4 
 .text._svfprintf_r
                0x0000000008007e50      0xfa8 /opt/Atollic_TrueSTUDIO_for_STM32_x86_64_9.3.0/ARMTools/bin/../lib/gcc/arm-atollic-eabi/6.3.1/../../../../arm-atollic-eabi/lib/armv7e-m/fpu/libc.a(lib_a-svfprintf.o)
                0x0000000008007e50                _svfprintf_r
 .text.quorem   0x0000000008008df8      0x118 /opt/Atollic_TrueSTUDIO_for_STM32_x86_64_9.3.0/ARMTools/bin/../lib/gcc/arm-atollic-eabi/6.3.1/../../../../arm-atollic-eabi/lib/armv7e-m/fpu/libc.a(lib_a-dtoa.o)
 .text._dtoa_r  0x0000000008008f10      0xb9c /opt/Atollic_TrueSTUDIO_for_STM32_x86_64_9.3.0/ARMTools/bin/../lib/gcc/arm-atollic-eabi/6.3.1/../../../../arm-atollic-eabi/lib/armv7e-m/fpu/libc.a(lib_a-dtoa.o)
                0x0000000008008f10                _dtoa_r
 .text._localeconv_r
                0x0000000008009aac       0x1c /opt/Atollic_TrueSTUDIO_for_STM32_x86_64_9.3.0/ARMTools/bin/../lib/gcc/arm-atollic-eabi/6.3.1/../../../../arm-atollic-eabi/lib/armv7e-m/fpu/libc.a(lib_a-localeconv.o)
                0x0000000008009aac                _localeconv_r
 .text.malloc   0x0000000008009ac8       0x10 /opt/Atollic_TrueSTUDIO_for_STM32_x86_64_9.3.0/ARMTools/bin/../lib/gcc/arm-atollic-eabi/6.3.1/../../../../arm-atollic-eabi/lib/armv7e-m/fpu/libc.a(lib_a-malloc.o)
                0x0000000008009ac8                malloc
 .text._malloc_r
                0x0000000008009ad8      0x41c /opt/Atollic_TrueSTUDIO_for_STM32_x86_64_9.3.0/ARMTools/bin/../lib/gcc/arm-atollic-eabi/6.3.1/../../../../arm-atollic-eabi/lib/armv7e-m/fpu/libc.a(lib_a-mallocr.o)
                0x0000000008009ad8                _malloc_r
 .text.__malloc_lock
                0x0000000008009ef4        0xc /opt/Atollic_TrueSTUDIO_for_STM32_x86_64_9.3.0/ARMTools/bin/../lib/gcc/arm-atollic-eabi/6.3.1/../../../../arm-atollic-eabi/lib/armv7e-m/fpu/libc.a(lib_a-mlock.o)
                0x0000000008009ef4                __malloc_lock
 .text.__malloc_unlock
                0x0000000008009f00        0xc /opt/Atollic_TrueSTUDIO_for_STM32_x86_64_9.3.0/ARMTools/bin/../lib/gcc/arm-atollic-eabi/6.3.1/../../../../arm-atollic-eabi/lib/armv7e-m/fpu/libc.a(lib_a-mlock.o)
                0x0000000008009f00                __malloc_unlock
 .text._Balloc  0x0000000008009f0c       0x68 /opt/Atollic_TrueSTUDIO_for_STM32_x86_64_9.3.0/ARMTools/bin/../lib/gcc/arm-atollic-eabi/6.3.1/../../../../arm-atollic-eabi/lib/armv7e-m/fpu/libc.a(lib_a-mprec.o)
                0x0000000008009f0c                _Balloc
 .text._Bfree   0x0000000008009f74       0x2e /opt/Atollic_TrueSTUDIO_for_STM32_x86_64_9.3.0/ARMTools/bin/../lib/gcc/arm-atollic-eabi/6.3.1/../../../../arm-atollic-eabi/lib/armv7e-m/fpu/libc.a(lib_a-mprec.o)
                0x0000000008009f74                _Bfree
 .text.__multadd
                0x0000000008009fa2       0x76 /opt/Atollic_TrueSTUDIO_for_STM32_x86_64_9.3.0/ARMTools/bin/../lib/gcc/arm-atollic-eabi/6.3.1/../../../../arm-atollic-eabi/lib/armv7e-m/fpu/libc.a(lib_a-mprec.o)
                0x0000000008009fa2                __multadd
 .text.__hi0bits
                0x000000000800a018       0x3e /opt/Atollic_TrueSTUDIO_for_STM32_x86_64_9.3.0/ARMTools/bin/../lib/gcc/arm-atollic-eabi/6.3.1/../../../../arm-atollic-eabi/lib/armv7e-m/fpu/libc.a(lib_a-mprec.o)
                0x000000000800a018                __hi0bits
 .text.__lo0bits
                0x000000000800a056       0x5e /opt/Atollic_TrueSTUDIO_for_STM32_x86_64_9.3.0/ARMTools/bin/../lib/gcc/arm-atollic-eabi/6.3.1/../../../../arm-atollic-eabi/lib/armv7e-m/fpu/libc.a(lib_a-mprec.o)
                0x000000000800a056                __lo0bits
 .text.__i2b    0x000000000800a0b4       0x12 /opt/Atollic_TrueSTUDIO_for_STM32_x86_64_9.3.0/ARMTools/bin/../lib/gcc/arm-atollic-eabi/6.3.1/../../../../arm-atollic-eabi/lib/armv7e-m/fpu/libc.a(lib_a-mprec.o)
                0x000000000800a0b4                __i2b
 .text.__multiply
                0x000000000800a0c6      0x11a /opt/Atollic_TrueSTUDIO_for_STM32_x86_64_9.3.0/ARMTools/bin/../lib/gcc/arm-atollic-eabi/6.3.1/../../../../arm-atollic-eabi/lib/armv7e-m/fpu/libc.a(lib_a-mprec.o)
                0x000000000800a0c6                __multiply
 .text.__pow5mult
                0x000000000800a1e0       0x9c /opt/Atollic_TrueSTUDIO_for_STM32_x86_64_9.3.0/ARMTools/bin/../lib/gcc/arm-atollic-eabi/6.3.1/../../../../arm-atollic-eabi/lib/armv7e-m/fpu/libc.a(lib_a-mprec.o)
                0x000000000800a1e0                __pow5mult
 .text.__lshift
                0x000000000800a27c       0xa2 /opt/Atollic_TrueSTUDIO_for_STM32_x86_64_9.3.0/ARMTools/bin/../lib/gcc/arm-atollic-eabi/6.3.1/../../../../arm-atollic-eabi/lib/armv7e-m/fpu/libc.a(lib_a-mprec.o)
                0x000000000800a27c                __lshift
 .text.__mcmp   0x000000000800a31e       0x34 /opt/Atollic_TrueSTUDIO_for_STM32_x86_64_9.3.0/ARMTools/bin/../lib/gcc/arm-atollic-eabi/6.3.1/../../../../arm-atollic-eabi/lib/armv7e-m/fpu/libc.a(lib_a-mprec.o)
                0x000000000800a31e                __mcmp
 .text.__mdiff  0x000000000800a352       0xbc /opt/Atollic_TrueSTUDIO_for_STM32_x86_64_9.3.0/ARMTools/bin/../lib/gcc/arm-atollic-eabi/6.3.1/../../../../arm-atollic-eabi/lib/armv7e-m/fpu/libc.a(lib_a-mprec.o)
                0x000000000800a352                __mdiff
 .text.__d2b    0x000000000800a40e       0x9e /opt/Atollic_TrueSTUDIO_for_STM32_x86_64_9.3.0/ARMTools/bin/../lib/gcc/arm-atollic-eabi/6.3.1/../../../../arm-atollic-eabi/lib/armv7e-m/fpu/libc.a(lib_a-mprec.o)
                0x000000000800a40e                __d2b
 .text._sbrk_r  0x000000000800a4ac       0x20 /opt/Atollic_TrueSTUDIO_for_STM32_x86_64_9.3.0/ARMTools/bin/../lib/gcc/arm-atollic-eabi/6.3.1/../../../../arm-atollic-eabi/lib/armv7e-m/fpu/libc.a(lib_a-sbrkr.o)
                0x000000000800a4ac                _sbrk_r
 .text.__ssprint_r
                0x000000000800a4cc       0xf4 /opt/Atollic_TrueSTUDIO_for_STM32_x86_64_9.3.0/ARMTools/bin/../lib/gcc/arm-atollic-eabi/6.3.1/../../../../arm-atollic-eabi/lib/armv7e-m/fpu/libc.a(lib_a-svfiprintf.o)
                0x000000000800a4cc                __ssprint_r
 .text._calloc_r
                0x000000000800a5c0       0x5a /opt/Atollic_TrueSTUDIO_for_STM32_x86_64_9.3.0/ARMTools/bin/../lib/gcc/arm-atollic-eabi/6.3.1/../../../../arm-atollic-eabi/lib/armv7e-m/fpu/libc.a(lib_a-callocr.o)
                0x000000000800a5c0                _calloc_r
 *fill*         0x000000000800a61a        0x2 
 .text._malloc_trim_r
                0x000000000800a61c       0xac /opt/Atollic_TrueSTUDIO_for_STM32_x86_64_9.3.0/ARMTools/bin/../lib/gcc/arm-atollic-eabi/6.3.1/../../../../arm-atollic-eabi/lib/armv7e-m/fpu/libc.a(lib_a-freer.o)
                0x000000000800a61c                _malloc_trim_r
 .text._free_r  0x000000000800a6c8      0x178 /opt/Atollic_TrueSTUDIO_for_STM32_x86_64_9.3.0/ARMTools/bin/../lib/gcc/arm-atollic-eabi/6.3.1/../../../../arm-atollic-eabi/lib/armv7e-m/fpu/libc.a(lib_a-freer.o)
                0x000000000800a6c8                _free_r
 .text.__retarget_lock_acquire_recursive
                0x000000000800a840        0x2 /opt/Atollic_TrueSTUDIO_for_STM32_x86_64_9.3.0/ARMTools/bin/../lib/gcc/arm-atollic-eabi/6.3.1/../../../../arm-atollic-eabi/lib/armv7e-m/fpu/libc.a(lib_a-lock.o)
                0x000000000800a840                __retarget_lock_acquire_recursive
 .text.__retarget_lock_release_recursive
                0x000000000800a842        0x2 /opt/Atollic_TrueSTUDIO_for_STM32_x86_64_9.3.0/ARMTools/bin/../lib/gcc/arm-atollic-eabi/6.3.1/../../../../arm-atollic-eabi/lib/armv7e-m/fpu/libc.a(lib_a-lock.o)
                0x000000000800a842                __retarget_lock_release_recursive
 .text.__ascii_mbtowc
                0x000000000800a844       0x24 /opt/Atollic_TrueSTUDIO_for_STM32_x86_64_9.3.0/ARMTools/bin/../lib/gcc/arm-atollic-eabi/6.3.1/../../../../arm-atollic-eabi/lib/armv7e-m/fpu/libc.a(lib_a-mbtowc_r.o)
                0x000000000800a844                __ascii_mbtowc
 .text.memmove  0x000000000800a868       0x34 /opt/Atollic_TrueSTUDIO_for_STM32_x86_64_9.3.0/ARMTools/bin/../lib/gcc/arm-atollic-eabi/6.3.1/../../../../arm-atollic-eabi/lib/armv7e-m/fpu/libc.a(lib_a-memmove.o)
                0x000000000800a868                memmove
 .text._realloc_r
                0x000000000800a89c      0x300 /opt/Atollic_TrueSTUDIO_for_STM32_x86_64_9.3.0/ARMTools/bin/../lib/gcc/arm-atollic-eabi/6.3.1/../../../../arm-atollic-eabi/lib/armv7e-m/fpu/libc.a(lib_a-reallocr.o)
                0x000000000800a89c                _realloc_r
 .text.__ascii_wctomb
                0x000000000800ab9c       0x1a /opt/Atollic_TrueSTUDIO_for_STM32_x86_64_9.3.0/ARMTools/bin/../lib/gcc/arm-atollic-eabi/6.3.1/../../../../arm-atollic-eabi/lib/armv7e-m/fpu/libc.a(lib_a-wctomb_r.o)
                0x000000000800ab9c                __ascii_wctomb
 *(.glue_7)
 .glue_7        0x000000000800abb6        0x0 linker stubs
 *(.glue_7t)
 .glue_7t       0x000000000800abb6        0x0 linker stubs
 *(.eh_frame)
 *fill*         0x000000000800abb6        0x2 
 .eh_frame      0x000000000800abb8        0x0 /opt/Atollic_TrueSTUDIO_for_STM32_x86_64_9.3.0/ARMTools/bin/../lib/gcc/arm-atollic-eabi/6.3.1/armv7e-m/fpu/crtbegin.o
 *(.init)
 .init          0x000000000800abb8        0x4 /opt/Atollic_TrueSTUDIO_for_STM32_x86_64_9.3.0/ARMTools/bin/../lib/gcc/arm-atollic-eabi/6.3.1/armv7e-m/fpu/crti.o
                0x000000000800abb8                _init
 .init          0x000000000800abbc        0x8 /opt/Atollic_TrueSTUDIO_for_STM32_x86_64_9.3.0/ARMTools/bin/../lib/gcc/arm-atollic-eabi/6.3.1/armv7e-m/fpu/crtn.o
 *(.fini)
 .fini          0x000000000800abc4        0x4 /opt/Atollic_TrueSTUDIO_for_STM32_x86_64_9.3.0/ARMTools/bin/../lib/gcc/arm-atollic-eabi/6.3.1/armv7e-m/fpu/crti.o
                0x000000000800abc4                _fini
 .fini          0x000000000800abc8        0x8 /opt/Atollic_TrueSTUDIO_for_STM32_x86_64_9.3.0/ARMTools/bin/../lib/gcc/arm-atollic-eabi/6.3.1/armv7e-m/fpu/crtn.o
                0x000000000800abd0                . = ALIGN (0x4)
                0x000000000800abd0                _etext = .

.vfp11_veneer   0x000000000800abd0        0x0
 .vfp11_veneer  0x000000000800abd0        0x0 linker stubs

.v4_bx          0x000000000800abd0        0x0
 .v4_bx         0x000000000800abd0        0x0 linker stubs

.iplt           0x000000000800abd0        0x0
 .iplt          0x000000000800abd0        0x0 /opt/Atollic_TrueSTUDIO_for_STM32_x86_64_9.3.0/ARMTools/bin/../lib/gcc/arm-atollic-eabi/6.3.1/armv7e-m/fpu/crtbegin.o

.rodata         0x000000000800abd0     0x1e28
                0x000000000800abd0                . = ALIGN (0x4)
 *(.rodata)
 .rodata        0x000000000800abd0        0x5 Middlewares/Third_Party/FreeRTOS/Source/tasks.o
 *fill*         0x000000000800abd5        0x3 
 .rodata        0x000000000800abd8        0xd Middlewares/Third_Party/FreeRTOS/Source/timers.o
 *fill*         0x000000000800abe5        0x3 
 .rodata        0x000000000800abe8       0x30 Src/main.o
 *(.rodata*)
 .rodata.flagBitshiftOffset.7977
                0x000000000800ac18        0x8 Drivers/STM32F4xx_HAL_Driver/Src/stm32f4xx_hal_dma.o
 .rodata.Font7x10
                0x000000000800ac20      0x76c Drivers/st7735/fonts.o
 .rodata.Font16x26
                0x000000000800b38c     0x134c Drivers/st7735/fonts.o
 .rodata.init_cmds1
                0x000000000800c6d8       0x3b Drivers/st7735/st7735.o
 *fill*         0x000000000800c713        0x1 
 .rodata.init_cmds2
                0x000000000800c714        0xd Drivers/st7735/st7735.o
 *fill*         0x000000000800c721        0x3 
 .rodata.init_cmds3
                0x000000000800c724       0x2b Drivers/st7735/st7735.o
 *fill*         0x000000000800c74f        0x1 
 .rodata.defaultTask_attributes
                0x000000000800c750       0x24 Src/main.o
                0x000000000800c750                defaultTask_attributes
 .rodata.AHBPrescTable
                0x000000000800c774       0x10 Src/system_stm32f4xx.o
                0x000000000800c774                AHBPrescTable
 .rodata.APBPrescTable
                0x000000000800c784        0x8 Src/system_stm32f4xx.o
                0x000000000800c784                APBPrescTable
 .rodata._svfprintf_r.str1.1
                0x000000000800c78c       0x34 /opt/Atollic_TrueSTUDIO_for_STM32_x86_64_9.3.0/ARMTools/bin/../lib/gcc/arm-atollic-eabi/6.3.1/../../../../arm-atollic-eabi/lib/armv7e-m/fpu/libc.a(lib_a-svfprintf.o)
 .rodata.blanks.8359
                0x000000000800c7c0       0x10 /opt/Atollic_TrueSTUDIO_for_STM32_x86_64_9.3.0/ARMTools/bin/../lib/gcc/arm-atollic-eabi/6.3.1/../../../../arm-atollic-eabi/lib/armv7e-m/fpu/libc.a(lib_a-svfprintf.o)
 .rodata.zeroes.8360
                0x000000000800c7d0       0x10 /opt/Atollic_TrueSTUDIO_for_STM32_x86_64_9.3.0/ARMTools/bin/../lib/gcc/arm-atollic-eabi/6.3.1/../../../../arm-atollic-eabi/lib/armv7e-m/fpu/libc.a(lib_a-svfprintf.o)
 .rodata._dtoa_r.str1.1
                0x000000000800c7e0        0xd /opt/Atollic_TrueSTUDIO_for_STM32_x86_64_9.3.0/ARMTools/bin/../lib/gcc/arm-atollic-eabi/6.3.1/../../../../arm-atollic-eabi/lib/armv7e-m/fpu/libc.a(lib_a-dtoa.o)
                                          0xf (size before relaxing)
 *fill*         0x000000000800c7ed        0x3 
 .rodata.__mprec_bigtens
                0x000000000800c7f0       0x28 /opt/Atollic_TrueSTUDIO_for_STM32_x86_64_9.3.0/ARMTools/bin/../lib/gcc/arm-atollic-eabi/6.3.1/../../../../arm-atollic-eabi/lib/armv7e-m/fpu/libc.a(lib_a-mprec.o)
                0x000000000800c7f0                __mprec_bigtens
 .rodata.__mprec_tens
                0x000000000800c818       0xc8 /opt/Atollic_TrueSTUDIO_for_STM32_x86_64_9.3.0/ARMTools/bin/../lib/gcc/arm-atollic-eabi/6.3.1/../../../../arm-atollic-eabi/lib/armv7e-m/fpu/libc.a(lib_a-mprec.o)
                0x000000000800c818                __mprec_tens
 .rodata.p05.7196
                0x000000000800c8e0        0xc /opt/Atollic_TrueSTUDIO_for_STM32_x86_64_9.3.0/ARMTools/bin/../lib/gcc/arm-atollic-eabi/6.3.1/../../../../arm-atollic-eabi/lib/armv7e-m/fpu/libc.a(lib_a-mprec.o)
 .rodata._setlocale_r.str1.1
                0x000000000800c8ec        0x8 /opt/Atollic_TrueSTUDIO_for_STM32_x86_64_9.3.0/ARMTools/bin/../lib/gcc/arm-atollic-eabi/6.3.1/../../../../arm-atollic-eabi/lib/armv7e-m/fpu/libc.a(lib_a-locale.o)
                                          0x9 (size before relaxing)
 .rodata.str1.1
                0x000000000800c8f4        0x2 /opt/Atollic_TrueSTUDIO_for_STM32_x86_64_9.3.0/ARMTools/bin/../lib/gcc/arm-atollic-eabi/6.3.1/../../../../arm-atollic-eabi/lib/armv7e-m/fpu/libc.a(lib_a-locale.o)
 .rodata._ctype_
                0x000000000800c8f6      0x101 /opt/Atollic_TrueSTUDIO_for_STM32_x86_64_9.3.0/ARMTools/bin/../lib/gcc/arm-atollic-eabi/6.3.1/../../../../arm-atollic-eabi/lib/armv7e-m/fpu/libc.a(lib_a-ctype_.o)
                0x000000000800c8f6                _ctype_
                0x000000000800c9f8                . = ALIGN (0x4)
 *fill*         0x000000000800c9f7        0x1 

.ARM.extab
 *(.ARM.extab* .gnu.linkonce.armextab.*)

.ARM            0x000000000800c9f8        0x8
                0x000000000800c9f8                __exidx_start = .
 *(.ARM.exidx*)
 .ARM.exidx     0x000000000800c9f8        0x8 /opt/Atollic_TrueSTUDIO_for_STM32_x86_64_9.3.0/ARMTools/bin/../lib/gcc/arm-atollic-eabi/6.3.1/armv7e-m/fpu/libgcc.a(_udivmoddi4.o)
                0x000000000800ca00                __exidx_end = .

.rel.dyn        0x000000000800ca00        0x0
 .rel.iplt      0x000000000800ca00        0x0 /opt/Atollic_TrueSTUDIO_for_STM32_x86_64_9.3.0/ARMTools/bin/../lib/gcc/arm-atollic-eabi/6.3.1/armv7e-m/fpu/crtbegin.o

.preinit_array  0x000000000800ca00        0x0
                0x000000000800ca00                PROVIDE (__preinit_array_start, .)
 *(.preinit_array*)
                0x000000000800ca00                PROVIDE (__preinit_array_end, .)

.init_array     0x000000000800ca00        0x4
                0x000000000800ca00                PROVIDE (__init_array_start, .)
 *(SORT(.init_array.*))
 *(.init_array*)
 .init_array    0x000000000800ca00        0x4 /opt/Atollic_TrueSTUDIO_for_STM32_x86_64_9.3.0/ARMTools/bin/../lib/gcc/arm-atollic-eabi/6.3.1/armv7e-m/fpu/crtbegin.o
                0x000000000800ca04                PROVIDE (__init_array_end, .)

.fini_array     0x000000000800ca04        0x4
                [!provide]                        PROVIDE (__fini_array_start, .)
 *(SORT(.fini_array.*))
 *(.fini_array*)
 .fini_array    0x000000000800ca04        0x4 /opt/Atollic_TrueSTUDIO_for_STM32_x86_64_9.3.0/ARMTools/bin/../lib/gcc/arm-atollic-eabi/6.3.1/armv7e-m/fpu/crtbegin.o
                [!provide]                        PROVIDE (__fini_array_end, .)
                0x000000000800ca08                _sidata = LOADADDR (.data)

.data           0x0000000020000000      0x690 load address 0x000000000800ca08
                0x0000000020000000                . = ALIGN (0x4)
                0x0000000020000000                _sdata = .
 *(.data)
 *(.data*)
 .data.uwTickPrio
                0x0000000020000000        0x4 Drivers/STM32F4xx_HAL_Driver/Src/stm32f4xx_hal.o
                0x0000000020000000                uwTickPrio
 .data.uwTickFreq
                0x0000000020000004        0x1 Drivers/STM32F4xx_HAL_Driver/Src/stm32f4xx_hal.o
                0x0000000020000004                uwTickFreq
 *fill*         0x0000000020000005        0x3 
 .data.Font_7x10
                0x0000000020000008        0x8 Drivers/st7735/fonts.o
                0x0000000020000008                Font_7x10
 .data.Font_16x26
                0x0000000020000010        0x8 Drivers/st7735/fonts.o
                0x0000000020000010                Font_16x26
 .data.uxCriticalNesting
                0x0000000020000018        0x4 Middlewares/Third_Party/FreeRTOS/Source/portable/GCC/ARM_CM4F/port.o
 .data.SystemCoreClock
                0x000000002000001c        0x4 Src/system_stm32f4xx.o
                0x000000002000001c                SystemCoreClock
 .data._impure_ptr
                0x0000000020000020        0x4 /opt/Atollic_TrueSTUDIO_for_STM32_x86_64_9.3.0/ARMTools/bin/../lib/gcc/arm-atollic-eabi/6.3.1/../../../../arm-atollic-eabi/lib/armv7e-m/fpu/libc.a(lib_a-impure.o)
                0x0000000020000020                _impure_ptr
 .data.impure_data
                0x0000000020000024       0xf0 /opt/Atollic_TrueSTUDIO_for_STM32_x86_64_9.3.0/ARMTools/bin/../lib/gcc/arm-atollic-eabi/6.3.1/../../../../arm-atollic-eabi/lib/armv7e-m/fpu/libc.a(lib_a-impure.o)
 .data.__malloc_av_
                0x0000000020000114      0x408 /opt/Atollic_TrueSTUDIO_for_STM32_x86_64_9.3.0/ARMTools/bin/../lib/gcc/arm-atollic-eabi/6.3.1/../../../../arm-atollic-eabi/lib/armv7e-m/fpu/libc.a(lib_a-mallocr.o)
                0x0000000020000114                __malloc_av_
 .data.__malloc_sbrk_base
                0x000000002000051c        0x4 /opt/Atollic_TrueSTUDIO_for_STM32_x86_64_9.3.0/ARMTools/bin/../lib/gcc/arm-atollic-eabi/6.3.1/../../../../arm-atollic-eabi/lib/armv7e-m/fpu/libc.a(lib_a-mallocr.o)
                0x000000002000051c                __malloc_sbrk_base
 .data.__malloc_trim_threshold
                0x0000000020000520        0x4 /opt/Atollic_TrueSTUDIO_for_STM32_x86_64_9.3.0/ARMTools/bin/../lib/gcc/arm-atollic-eabi/6.3.1/../../../../arm-atollic-eabi/lib/armv7e-m/fpu/libc.a(lib_a-mallocr.o)
                0x0000000020000520                __malloc_trim_threshold
 .data.__global_locale
                0x0000000020000524      0x16c /opt/Atollic_TrueSTUDIO_for_STM32_x86_64_9.3.0/ARMTools/bin/../lib/gcc/arm-atollic-eabi/6.3.1/../../../../arm-atollic-eabi/lib/armv7e-m/fpu/libc.a(lib_a-locale.o)
                0x0000000020000524                __global_locale
                0x0000000020000690                . = ALIGN (0x4)
                0x0000000020000690                _edata = .
                0x000000000800d098                _siccmram = LOADADDR (.ccmram)

.igot.plt       0x0000000020000690        0x0 load address 0x000000000800d098
 .igot.plt      0x0000000020000690        0x0 /opt/Atollic_TrueSTUDIO_for_STM32_x86_64_9.3.0/ARMTools/bin/../lib/gcc/arm-atollic-eabi/6.3.1/armv7e-m/fpu/crtbegin.o

.ccmram         0x0000000010000000        0x0 load address 0x000000000800d098
                0x0000000010000000                . = ALIGN (0x4)
                0x0000000010000000                _sccmram = .
 *(.ccmram)
 *(.ccmram*)
                0x0000000010000000                . = ALIGN (0x4)
                0x0000000010000000                _eccmram = .
                0x0000000010000000                . = ALIGN (0x4)

.bss            0x0000000020000690     0xeb20
                0x0000000020000690                _sbss = .
                0x0000000020000690                __bss_start__ = _sbss
 *(.bss)
 .bss           0x0000000020000690       0x1c /opt/Atollic_TrueSTUDIO_for_STM32_x86_64_9.3.0/ARMTools/bin/../lib/gcc/arm-atollic-eabi/6.3.1/armv7e-m/fpu/crtbegin.o
 *(.bss*)
 .bss.out_cmd_buf
                0x00000000200006ac        0x1 Drivers/LIS302DL/LIS302DL.o
 *fill*         0x00000000200006ad        0x3 
 .bss.data_buf  0x00000000200006b0     0xa000 Drivers/st7735/st7735.o
 .bss.cmd_buf   0x000000002000a6b0        0x1 Drivers/st7735/st7735.o
 *fill*         0x000000002000a6b1        0x3 
 .bss.KernelState
                0x000000002000a6b4        0x4 Middlewares/Third_Party/FreeRTOS/Source/CMSIS_RTOS_V2/cmsis_os2.o
 .bss.Idle_TCB  0x000000002000a6b8       0x5c Middlewares/Third_Party/FreeRTOS/Source/CMSIS_RTOS_V2/cmsis_os2.o
 .bss.Idle_Stack
                0x000000002000a714      0x200 Middlewares/Third_Party/FreeRTOS/Source/CMSIS_RTOS_V2/cmsis_os2.o
 .bss.Timer_TCB
                0x000000002000a914       0x5c Middlewares/Third_Party/FreeRTOS/Source/CMSIS_RTOS_V2/cmsis_os2.o
 .bss.Timer_Stack
                0x000000002000a970      0x400 Middlewares/Third_Party/FreeRTOS/Source/CMSIS_RTOS_V2/cmsis_os2.o
 .bss.ucMaxSysCallPriority
                0x000000002000ad70        0x1 Middlewares/Third_Party/FreeRTOS/Source/portable/GCC/ARM_CM4F/port.o
 *fill*         0x000000002000ad71        0x3 
 .bss.ulMaxPRIGROUPValue
                0x000000002000ad74        0x4 Middlewares/Third_Party/FreeRTOS/Source/portable/GCC/ARM_CM4F/port.o
 .bss.ucHeap    0x000000002000ad78     0x3c00 Middlewares/Third_Party/FreeRTOS/Source/portable/MemMang/heap_4.o
 .bss.xStart    0x000000002000e978        0x8 Middlewares/Third_Party/FreeRTOS/Source/portable/MemMang/heap_4.o
 .bss.pxEnd     0x000000002000e980        0x4 Middlewares/Third_Party/FreeRTOS/Source/portable/MemMang/heap_4.o
 .bss.xFreeBytesRemaining
                0x000000002000e984        0x4 Middlewares/Third_Party/FreeRTOS/Source/portable/MemMang/heap_4.o
 .bss.xMinimumEverFreeBytesRemaining
                0x000000002000e988        0x4 Middlewares/Third_Party/FreeRTOS/Source/portable/MemMang/heap_4.o
 .bss.xBlockAllocatedBit
                0x000000002000e98c        0x4 Middlewares/Third_Party/FreeRTOS/Source/portable/MemMang/heap_4.o
 .bss.pxCurrentTCB
                0x000000002000e990        0x4 Middlewares/Third_Party/FreeRTOS/Source/tasks.o
                0x000000002000e990                pxCurrentTCB
 .bss.pxReadyTasksLists
                0x000000002000e994      0x460 Middlewares/Third_Party/FreeRTOS/Source/tasks.o
 .bss.xDelayedTaskList1
                0x000000002000edf4       0x14 Middlewares/Third_Party/FreeRTOS/Source/tasks.o
 .bss.xDelayedTaskList2
                0x000000002000ee08       0x14 Middlewares/Third_Party/FreeRTOS/Source/tasks.o
 .bss.pxDelayedTaskList
                0x000000002000ee1c        0x4 Middlewares/Third_Party/FreeRTOS/Source/tasks.o
 .bss.pxOverflowDelayedTaskList
                0x000000002000ee20        0x4 Middlewares/Third_Party/FreeRTOS/Source/tasks.o
 .bss.xPendingReadyList
                0x000000002000ee24       0x14 Middlewares/Third_Party/FreeRTOS/Source/tasks.o
 .bss.xTasksWaitingTermination
                0x000000002000ee38       0x14 Middlewares/Third_Party/FreeRTOS/Source/tasks.o
 .bss.uxDeletedTasksWaitingCleanUp
                0x000000002000ee4c        0x4 Middlewares/Third_Party/FreeRTOS/Source/tasks.o
 .bss.xSuspendedTaskList
                0x000000002000ee50       0x14 Middlewares/Third_Party/FreeRTOS/Source/tasks.o
 .bss.uxCurrentNumberOfTasks
                0x000000002000ee64        0x4 Middlewares/Third_Party/FreeRTOS/Source/tasks.o
 .bss.xTickCount
                0x000000002000ee68        0x4 Middlewares/Third_Party/FreeRTOS/Source/tasks.o
 .bss.uxTopReadyPriority
                0x000000002000ee6c        0x4 Middlewares/Third_Party/FreeRTOS/Source/tasks.o
 .bss.xSchedulerRunning
                0x000000002000ee70        0x4 Middlewares/Third_Party/FreeRTOS/Source/tasks.o
 .bss.uxPendedTicks
                0x000000002000ee74        0x4 Middlewares/Third_Party/FreeRTOS/Source/tasks.o
 .bss.xYieldPending
                0x000000002000ee78        0x4 Middlewares/Third_Party/FreeRTOS/Source/tasks.o
 .bss.xNumOfOverflows
                0x000000002000ee7c        0x4 Middlewares/Third_Party/FreeRTOS/Source/tasks.o
 .bss.uxTaskNumber
                0x000000002000ee80        0x4 Middlewares/Third_Party/FreeRTOS/Source/tasks.o
 .bss.xNextTaskUnblockTime
                0x000000002000ee84        0x4 Middlewares/Third_Party/FreeRTOS/Source/tasks.o
 .bss.xIdleTaskHandle
                0x000000002000ee88        0x4 Middlewares/Third_Party/FreeRTOS/Source/tasks.o
 .bss.uxSchedulerSuspended
                0x000000002000ee8c        0x4 Middlewares/Third_Party/FreeRTOS/Source/tasks.o
 .bss.xActiveTimerList1
                0x000000002000ee90       0x14 Middlewares/Third_Party/FreeRTOS/Source/timers.o
 .bss.xActiveTimerList2
                0x000000002000eea4       0x14 Middlewares/Third_Party/FreeRTOS/Source/timers.o
 .bss.pxCurrentTimerList
                0x000000002000eeb8        0x4 Middlewares/Third_Party/FreeRTOS/Source/timers.o
 .bss.pxOverflowTimerList
                0x000000002000eebc        0x4 Middlewares/Third_Party/FreeRTOS/Source/timers.o
 .bss.xTimerQueue
                0x000000002000eec0        0x4 Middlewares/Third_Party/FreeRTOS/Source/timers.o
 .bss.xTimerTaskHandle
                0x000000002000eec4        0x4 Middlewares/Third_Party/FreeRTOS/Source/timers.o
 .bss.xLastTime.6620
                0x000000002000eec8        0x4 Middlewares/Third_Party/FreeRTOS/Source/timers.o
 .bss.ucStaticTimerQueueStorage.6671
                0x000000002000eecc       0xa0 Middlewares/Third_Party/FreeRTOS/Source/timers.o
 .bss.xStaticTimerQueue.6670
                0x000000002000ef6c       0x50 Middlewares/Third_Party/FreeRTOS/Source/timers.o
 .bss.out_x     0x000000002000efbc        0x1 Src/main.o
 .bss.out_y     0x000000002000efbd        0x1 Src/main.o
 .bss.out_z     0x000000002000efbe        0x1 Src/main.o
 *fill*         0x000000002000efbf        0x1 
 .bss.heap_end.7031
                0x000000002000efc0        0x4 Src/syscalls.o
 .bss.__malloc_current_mallinfo
                0x000000002000efc4       0x28 /opt/Atollic_TrueSTUDIO_for_STM32_x86_64_9.3.0/ARMTools/bin/../lib/gcc/arm-atollic-eabi/6.3.1/../../../../arm-atollic-eabi/lib/armv7e-m/fpu/libc.a(lib_a-mallocr.o)
                0x000000002000efc4                __malloc_current_mallinfo
 .bss.__malloc_max_sbrked_mem
                0x000000002000efec        0x4 /opt/Atollic_TrueSTUDIO_for_STM32_x86_64_9.3.0/ARMTools/bin/../lib/gcc/arm-atollic-eabi/6.3.1/../../../../arm-atollic-eabi/lib/armv7e-m/fpu/libc.a(lib_a-mallocr.o)
                0x000000002000efec                __malloc_max_sbrked_mem
 .bss.__malloc_max_total_mem
                0x000000002000eff0        0x4 /opt/Atollic_TrueSTUDIO_for_STM32_x86_64_9.3.0/ARMTools/bin/../lib/gcc/arm-atollic-eabi/6.3.1/../../../../arm-atollic-eabi/lib/armv7e-m/fpu/libc.a(lib_a-mallocr.o)
                0x000000002000eff0                __malloc_max_total_mem
 .bss.__malloc_top_pad
                0x000000002000eff4        0x4 /opt/Atollic_TrueSTUDIO_for_STM32_x86_64_9.3.0/ARMTools/bin/../lib/gcc/arm-atollic-eabi/6.3.1/../../../../arm-atollic-eabi/lib/armv7e-m/fpu/libc.a(lib_a-mallocr.o)
                0x000000002000eff4                __malloc_top_pad
 *(COMMON)
 COMMON         0x000000002000eff8        0x4 Drivers/STM32F4xx_HAL_Driver/Src/stm32f4xx_hal.o
                0x000000002000eff8                uwTick
 COMMON         0x000000002000effc       0x40 Middlewares/Third_Party/FreeRTOS/Source/queue.o
                0x000000002000effc                xQueueRegistry
 COMMON         0x000000002000f03c      0x124 Src/main.o
                0x000000002000f03c                defaultTaskHandle
                0x000000002000f040                str_x
                0x000000002000f044                hspi3
                0x000000002000f09c                hdma_spi3_tx
                0x000000002000f0fc                str_y
                0x000000002000f100                sDisplaySPI
                0x000000002000f104                str_z
                0x000000002000f108                hspi1
 COMMON         0x000000002000f160       0x40 Src/stm32f4xx_hal_timebase_tim.o
                0x000000002000f160                htim10
 COMMON         0x000000002000f1a0        0x9 /opt/Atollic_TrueSTUDIO_for_STM32_x86_64_9.3.0/ARMTools/bin/../lib/gcc/arm-atollic-eabi/6.3.1/../../../../arm-atollic-eabi/lib/armv7e-m/fpu/libc.a(lib_a-lock.o)
                0x000000002000f1a0                __lock___atexit_recursive_mutex
                0x000000002000f1a1                __lock___arc4random_mutex
                0x000000002000f1a2                __lock___env_recursive_mutex
                0x000000002000f1a3                __lock___sinit_recursive_mutex
                0x000000002000f1a4                __lock___malloc_recursive_mutex
                0x000000002000f1a5                __lock___at_quick_exit_mutex
                0x000000002000f1a6                __lock___dd_hash_mutex
                0x000000002000f1a7                __lock___tz_mutex
                0x000000002000f1a8                __lock___sfp_recursive_mutex
 *fill*         0x000000002000f1a9        0x3 
 COMMON         0x000000002000f1ac        0x4 /opt/Atollic_TrueSTUDIO_for_STM32_x86_64_9.3.0/ARMTools/bin/../lib/gcc/arm-atollic-eabi/6.3.1/../../../../arm-atollic-eabi/lib/armv7e-m/fpu/libc.a(lib_a-reent.o)
                0x000000002000f1ac                errno
                0x000000002000f1b0                . = ALIGN (0x4)
                0x000000002000f1b0                _ebss = .
                0x000000002000f1b0                __bss_end__ = _ebss

._user_heap_stack
                0x000000002000f1b0      0x600
                0x000000002000f1b0                . = ALIGN (0x4)
                0x000000002000f1b0                PROVIDE (end, .)
                [!provide]                        PROVIDE (_end, .)
                0x000000002000f3b0                . = (. + _Min_Heap_Size)
 *fill*         0x000000002000f1b0      0x200 
                0x000000002000f7b0                . = (. + _Min_Stack_Size)
 *fill*         0x000000002000f3b0      0x400 
                0x000000002000f7b0                . = ALIGN (0x4)

/DISCARD/
 libc.a(*)
 libm.a(*)
 libgcc.a(*)

.ARM.attributes
                0x0000000000000000       0x30
 *(.ARM.attributes)
 .ARM.attributes
                0x0000000000000000       0x22 /opt/Atollic_TrueSTUDIO_for_STM32_x86_64_9.3.0/ARMTools/bin/../lib/gcc/arm-atollic-eabi/6.3.1/armv7e-m/fpu/crti.o
 .ARM.attributes
                0x0000000000000022       0x34 /opt/Atollic_TrueSTUDIO_for_STM32_x86_64_9.3.0/ARMTools/bin/../lib/gcc/arm-atollic-eabi/6.3.1/armv7e-m/fpu/crtbegin.o
 .ARM.attributes
                0x0000000000000056       0x39 Drivers/LIS302DL/LIS302DL.o
 .ARM.attributes
                0x000000000000008f       0x39 Drivers/STM32F4xx_HAL_Driver/Src/stm32f4xx_hal.o
 .ARM.attributes
                0x00000000000000c8       0x39 Drivers/STM32F4xx_HAL_Driver/Src/stm32f4xx_hal_cortex.o
 .ARM.attributes
                0x0000000000000101       0x39 Drivers/STM32F4xx_HAL_Driver/Src/stm32f4xx_hal_dma.o
 .ARM.attributes
                0x000000000000013a       0x39 Drivers/STM32F4xx_HAL_Driver/Src/stm32f4xx_hal_gpio.o
 .ARM.attributes
                0x0000000000000173       0x39 Drivers/STM32F4xx_HAL_Driver/Src/stm32f4xx_hal_rcc.o
 .ARM.attributes
                0x00000000000001ac       0x39 Drivers/STM32F4xx_HAL_Driver/Src/stm32f4xx_hal_spi.o
 .ARM.attributes
                0x00000000000001e5       0x39 Drivers/STM32F4xx_HAL_Driver/Src/stm32f4xx_hal_tim.o
 .ARM.attributes
                0x000000000000021e       0x39 Drivers/STM32F4xx_HAL_Driver/Src/stm32f4xx_hal_tim_ex.o
 .ARM.attributes
                0x0000000000000257       0x39 Drivers/st7735/fonts.o
 .ARM.attributes
                0x0000000000000290       0x39 Drivers/st7735/st7735.o
 .ARM.attributes
                0x00000000000002c9       0x39 Middlewares/Third_Party/FreeRTOS/Source/CMSIS_RTOS_V2/cmsis_os2.o
 .ARM.attributes
                0x0000000000000302       0x39 Middlewares/Third_Party/FreeRTOS/Source/list.o
 .ARM.attributes
                0x000000000000033b       0x39 Middlewares/Third_Party/FreeRTOS/Source/portable/GCC/ARM_CM4F/port.o
 .ARM.attributes
                0x0000000000000374       0x39 Middlewares/Third_Party/FreeRTOS/Source/portable/MemMang/heap_4.o
 .ARM.attributes
                0x00000000000003ad       0x39 Middlewares/Third_Party/FreeRTOS/Source/queue.o
 .ARM.attributes
                0x00000000000003e6       0x39 Middlewares/Third_Party/FreeRTOS/Source/tasks.o
 .ARM.attributes
                0x000000000000041f       0x39 Middlewares/Third_Party/FreeRTOS/Source/timers.o
 .ARM.attributes
                0x0000000000000458       0x39 Src/main.o
 .ARM.attributes
                0x0000000000000491       0x39 Src/stm32f4xx_hal_msp.o
 .ARM.attributes
                0x00000000000004ca       0x39 Src/stm32f4xx_hal_timebase_tim.o
 .ARM.attributes
                0x0000000000000503       0x39 Src/stm32f4xx_it.o
 .ARM.attributes
                0x000000000000053c       0x39 Src/syscalls.o
 .ARM.attributes
                0x0000000000000575       0x39 Src/system_stm32f4xx.o
 .ARM.attributes
                0x00000000000005ae       0x21 startup/startup_stm32f407xx.o
 .ARM.attributes
                0x00000000000005cf       0x34 /opt/Atollic_TrueSTUDIO_for_STM32_x86_64_9.3.0/ARMTools/bin/../lib/gcc/arm-atollic-eabi/6.3.1/../../../../arm-atollic-eabi/lib/armv7e-m/fpu/libc.a(lib_a-errno.o)
 .ARM.attributes
                0x0000000000000603       0x34 /opt/Atollic_TrueSTUDIO_for_STM32_x86_64_9.3.0/ARMTools/bin/../lib/gcc/arm-atollic-eabi/6.3.1/../../../../arm-atollic-eabi/lib/armv7e-m/fpu/libc.a(lib_a-impure.o)
 .ARM.attributes
                0x0000000000000637       0x34 /opt/Atollic_TrueSTUDIO_for_STM32_x86_64_9.3.0/ARMTools/bin/../lib/gcc/arm-atollic-eabi/6.3.1/../../../../arm-atollic-eabi/lib/armv7e-m/fpu/libc.a(lib_a-init.o)
 .ARM.attributes
                0x000000000000066b       0x34 /opt/Atollic_TrueSTUDIO_for_STM32_x86_64_9.3.0/ARMTools/bin/../lib/gcc/arm-atollic-eabi/6.3.1/../../../../arm-atollic-eabi/lib/armv7e-m/fpu/libc.a(lib_a-memcpy-stub.o)
 .ARM.attributes
                0x000000000000069f       0x34 /opt/Atollic_TrueSTUDIO_for_STM32_x86_64_9.3.0/ARMTools/bin/../lib/gcc/arm-atollic-eabi/6.3.1/../../../../arm-atollic-eabi/lib/armv7e-m/fpu/libc.a(lib_a-memset.o)
 .ARM.attributes
                0x00000000000006d3       0x34 /opt/Atollic_TrueSTUDIO_for_STM32_x86_64_9.3.0/ARMTools/bin/../lib/gcc/arm-atollic-eabi/6.3.1/../../../../arm-atollic-eabi/lib/armv7e-m/fpu/libc.a(lib_a-sprintf.o)
 .ARM.attributes
                0x0000000000000707       0x34 /opt/Atollic_TrueSTUDIO_for_STM32_x86_64_9.3.0/ARMTools/bin/../lib/gcc/arm-atollic-eabi/6.3.1/../../../../arm-atollic-eabi/lib/armv7e-m/fpu/libc.a(lib_a-svfprintf.o)
 .ARM.attributes
                0x000000000000073b       0x34 /opt/Atollic_TrueSTUDIO_for_STM32_x86_64_9.3.0/ARMTools/bin/../lib/gcc/arm-atollic-eabi/6.3.1/../../../../arm-atollic-eabi/lib/armv7e-m/fpu/libc.a(lib_a-dtoa.o)
 .ARM.attributes
                0x000000000000076f       0x34 /opt/Atollic_TrueSTUDIO_for_STM32_x86_64_9.3.0/ARMTools/bin/../lib/gcc/arm-atollic-eabi/6.3.1/../../../../arm-atollic-eabi/lib/armv7e-m/fpu/libc.a(lib_a-localeconv.o)
 .ARM.attributes
                0x00000000000007a3       0x34 /opt/Atollic_TrueSTUDIO_for_STM32_x86_64_9.3.0/ARMTools/bin/../lib/gcc/arm-atollic-eabi/6.3.1/../../../../arm-atollic-eabi/lib/armv7e-m/fpu/libc.a(lib_a-malloc.o)
 .ARM.attributes
                0x00000000000007d7       0x34 /opt/Atollic_TrueSTUDIO_for_STM32_x86_64_9.3.0/ARMTools/bin/../lib/gcc/arm-atollic-eabi/6.3.1/../../../../arm-atollic-eabi/lib/armv7e-m/fpu/libc.a(lib_a-mallocr.o)
 .ARM.attributes
                0x000000000000080b       0x20 /opt/Atollic_TrueSTUDIO_for_STM32_x86_64_9.3.0/ARMTools/bin/../lib/gcc/arm-atollic-eabi/6.3.1/../../../../arm-atollic-eabi/lib/armv7e-m/fpu/libc.a(lib_a-memchr.o)
 .ARM.attributes
                0x000000000000082b       0x34 /opt/Atollic_TrueSTUDIO_for_STM32_x86_64_9.3.0/ARMTools/bin/../lib/gcc/arm-atollic-eabi/6.3.1/../../../../arm-atollic-eabi/lib/armv7e-m/fpu/libc.a(lib_a-mlock.o)
 .ARM.attributes
                0x000000000000085f       0x34 /opt/Atollic_TrueSTUDIO_for_STM32_x86_64_9.3.0/ARMTools/bin/../lib/gcc/arm-atollic-eabi/6.3.1/../../../../arm-atollic-eabi/lib/armv7e-m/fpu/libc.a(lib_a-mprec.o)
 .ARM.attributes
                0x0000000000000893       0x34 /opt/Atollic_TrueSTUDIO_for_STM32_x86_64_9.3.0/ARMTools/bin/../lib/gcc/arm-atollic-eabi/6.3.1/../../../../arm-atollic-eabi/lib/armv7e-m/fpu/libc.a(lib_a-sbrkr.o)
 .ARM.attributes
                0x00000000000008c7       0x1b /opt/Atollic_TrueSTUDIO_for_STM32_x86_64_9.3.0/ARMTools/bin/../lib/gcc/arm-atollic-eabi/6.3.1/../../../../arm-atollic-eabi/lib/armv7e-m/fpu/libc.a(lib_a-strlen.o)
 .ARM.attributes
                0x00000000000008e2       0x34 /opt/Atollic_TrueSTUDIO_for_STM32_x86_64_9.3.0/ARMTools/bin/../lib/gcc/arm-atollic-eabi/6.3.1/../../../../arm-atollic-eabi/lib/armv7e-m/fpu/libc.a(lib_a-svfiprintf.o)
 .ARM.attributes
                0x0000000000000916       0x34 /opt/Atollic_TrueSTUDIO_for_STM32_x86_64_9.3.0/ARMTools/bin/../lib/gcc/arm-atollic-eabi/6.3.1/../../../../arm-atollic-eabi/lib/armv7e-m/fpu/libc.a(lib_a-callocr.o)
 .ARM.attributes
                0x000000000000094a       0x34 /opt/Atollic_TrueSTUDIO_for_STM32_x86_64_9.3.0/ARMTools/bin/../lib/gcc/arm-atollic-eabi/6.3.1/../../../../arm-atollic-eabi/lib/armv7e-m/fpu/libc.a(lib_a-freer.o)
 .ARM.attributes
                0x000000000000097e       0x34 /opt/Atollic_TrueSTUDIO_for_STM32_x86_64_9.3.0/ARMTools/bin/../lib/gcc/arm-atollic-eabi/6.3.1/../../../../arm-atollic-eabi/lib/armv7e-m/fpu/libc.a(lib_a-locale.o)
 .ARM.attributes
                0x00000000000009b2       0x34 /opt/Atollic_TrueSTUDIO_for_STM32_x86_64_9.3.0/ARMTools/bin/../lib/gcc/arm-atollic-eabi/6.3.1/../../../../arm-atollic-eabi/lib/armv7e-m/fpu/libc.a(lib_a-lock.o)
 .ARM.attributes
                0x00000000000009e6       0x34 /opt/Atollic_TrueSTUDIO_for_STM32_x86_64_9.3.0/ARMTools/bin/../lib/gcc/arm-atollic-eabi/6.3.1/../../../../arm-atollic-eabi/lib/armv7e-m/fpu/libc.a(lib_a-mbtowc_r.o)
 .ARM.attributes
                0x0000000000000a1a       0x34 /opt/Atollic_TrueSTUDIO_for_STM32_x86_64_9.3.0/ARMTools/bin/../lib/gcc/arm-atollic-eabi/6.3.1/../../../../arm-atollic-eabi/lib/armv7e-m/fpu/libc.a(lib_a-memmove.o)
 .ARM.attributes
                0x0000000000000a4e       0x34 /opt/Atollic_TrueSTUDIO_for_STM32_x86_64_9.3.0/ARMTools/bin/../lib/gcc/arm-atollic-eabi/6.3.1/../../../../arm-atollic-eabi/lib/armv7e-m/fpu/libc.a(lib_a-reallocr.o)
 .ARM.attributes
                0x0000000000000a82       0x34 /opt/Atollic_TrueSTUDIO_for_STM32_x86_64_9.3.0/ARMTools/bin/../lib/gcc/arm-atollic-eabi/6.3.1/../../../../arm-atollic-eabi/lib/armv7e-m/fpu/libc.a(lib_a-reent.o)
 .ARM.attributes
                0x0000000000000ab6       0x34 /opt/Atollic_TrueSTUDIO_for_STM32_x86_64_9.3.0/ARMTools/bin/../lib/gcc/arm-atollic-eabi/6.3.1/../../../../arm-atollic-eabi/lib/armv7e-m/fpu/libc.a(lib_a-wctomb_r.o)
 .ARM.attributes
                0x0000000000000aea       0x34 /opt/Atollic_TrueSTUDIO_for_STM32_x86_64_9.3.0/ARMTools/bin/../lib/gcc/arm-atollic-eabi/6.3.1/../../../../arm-atollic-eabi/lib/armv7e-m/fpu/libc.a(lib_a-ctype_.o)
 .ARM.attributes
                0x0000000000000b1e       0x22 /opt/Atollic_TrueSTUDIO_for_STM32_x86_64_9.3.0/ARMTools/bin/../lib/gcc/arm-atollic-eabi/6.3.1/armv7e-m/fpu/libgcc.a(_arm_addsubdf3.o)
 .ARM.attributes
                0x0000000000000b40       0x22 /opt/Atollic_TrueSTUDIO_for_STM32_x86_64_9.3.0/ARMTools/bin/../lib/gcc/arm-atollic-eabi/6.3.1/armv7e-m/fpu/libgcc.a(_arm_muldivdf3.o)
 .ARM.attributes
                0x0000000000000b62       0x22 /opt/Atollic_TrueSTUDIO_for_STM32_x86_64_9.3.0/ARMTools/bin/../lib/gcc/arm-atollic-eabi/6.3.1/armv7e-m/fpu/libgcc.a(_arm_cmpdf2.o)
 .ARM.attributes
                0x0000000000000b84       0x22 /opt/Atollic_TrueSTUDIO_for_STM32_x86_64_9.3.0/ARMTools/bin/../lib/gcc/arm-atollic-eabi/6.3.1/armv7e-m/fpu/libgcc.a(_arm_unorddf2.o)
 .ARM.attributes
                0x0000000000000ba6       0x22 /opt/Atollic_TrueSTUDIO_for_STM32_x86_64_9.3.0/ARMTools/bin/../lib/gcc/arm-atollic-eabi/6.3.1/armv7e-m/fpu/libgcc.a(_arm_fixdfsi.o)
 .ARM.attributes
                0x0000000000000bc8       0x22 /opt/Atollic_TrueSTUDIO_for_STM32_x86_64_9.3.0/ARMTools/bin/../lib/gcc/arm-atollic-eabi/6.3.1/armv7e-m/fpu/libgcc.a(_aeabi_uldivmod.o)
 .ARM.attributes
                0x0000000000000bea       0x34 /opt/Atollic_TrueSTUDIO_for_STM32_x86_64_9.3.0/ARMTools/bin/../lib/gcc/arm-atollic-eabi/6.3.1/armv7e-m/fpu/libgcc.a(_udivmoddi4.o)
 .ARM.attributes
                0x0000000000000c1e       0x22 /opt/Atollic_TrueSTUDIO_for_STM32_x86_64_9.3.0/ARMTools/bin/../lib/gcc/arm-atollic-eabi/6.3.1/armv7e-m/fpu/libgcc.a(_dvmd_tls.o)
 .ARM.attributes
                0x0000000000000c40       0x22 /opt/Atollic_TrueSTUDIO_for_STM32_x86_64_9.3.0/ARMTools/bin/../lib/gcc/arm-atollic-eabi/6.3.1/armv7e-m/fpu/crtn.o
OUTPUT(STM32SPI.elf elf32-littlearm)

.debug_info     0x0000000000000000    0x1b48c
 .debug_info    0x0000000000000000      0x895 Drivers/LIS302DL/LIS302DL.o
 .debug_info    0x0000000000000895      0x944 Drivers/STM32F4xx_HAL_Driver/Src/stm32f4xx_hal.o
 .debug_info    0x00000000000011d9      0xe28 Drivers/STM32F4xx_HAL_Driver/Src/stm32f4xx_hal_cortex.o
 .debug_info    0x0000000000002001      0x964 Drivers/STM32F4xx_HAL_Driver/Src/stm32f4xx_hal_dma.o
 .debug_info    0x0000000000002965      0x7b4 Drivers/STM32F4xx_HAL_Driver/Src/stm32f4xx_hal_gpio.o
 .debug_info    0x0000000000003119      0x903 Drivers/STM32F4xx_HAL_Driver/Src/stm32f4xx_hal_rcc.o
 .debug_info    0x0000000000003a1c     0x1637 Drivers/STM32F4xx_HAL_Driver/Src/stm32f4xx_hal_spi.o
 .debug_info    0x0000000000005053     0x24a4 Drivers/STM32F4xx_HAL_Driver/Src/stm32f4xx_hal_tim.o
 .debug_info    0x00000000000074f7     0x1153 Drivers/STM32F4xx_HAL_Driver/Src/stm32f4xx_hal_tim_ex.o
 .debug_info    0x000000000000864a      0x19f Drivers/st7735/fonts.o
 .debug_info    0x00000000000087e9     0x13d9 Drivers/st7735/st7735.o
 .debug_info    0x0000000000009bc2     0x4034 Middlewares/Third_Party/FreeRTOS/Source/CMSIS_RTOS_V2/cmsis_os2.o
 .debug_info    0x000000000000dbf6      0xae7 Middlewares/Third_Party/FreeRTOS/Source/list.o
 .debug_info    0x000000000000e6dd      0x536 Middlewares/Third_Party/FreeRTOS/Source/portable/GCC/ARM_CM4F/port.o
 .debug_info    0x000000000000ec13      0xc06 Middlewares/Third_Party/FreeRTOS/Source/portable/MemMang/heap_4.o
 .debug_info    0x000000000000f819     0x23b8 Middlewares/Third_Party/FreeRTOS/Source/queue.o
 .debug_info    0x0000000000011bd1     0x29df Middlewares/Third_Party/FreeRTOS/Source/tasks.o
 .debug_info    0x00000000000145b0     0x1ad6 Middlewares/Third_Party/FreeRTOS/Source/timers.o
 .debug_info    0x0000000000016086     0x1d82 Src/main.o
 .debug_info    0x0000000000017e08      0xca3 Src/stm32f4xx_hal_msp.o
 .debug_info    0x0000000000018aab      0xb29 Src/stm32f4xx_hal_timebase_tim.o
 .debug_info    0x00000000000195d4      0x9d1 Src/stm32f4xx_it.o
 .debug_info    0x0000000000019fa5      0xf2f Src/syscalls.o
 .debug_info    0x000000000001aed4      0x556 Src/system_stm32f4xx.o
 .debug_info    0x000000000001b42a       0x62 startup/startup_stm32f407xx.o

.debug_abbrev   0x0000000000000000     0x3484
 .debug_abbrev  0x0000000000000000      0x18d Drivers/LIS302DL/LIS302DL.o
 .debug_abbrev  0x000000000000018d      0x1c2 Drivers/STM32F4xx_HAL_Driver/Src/stm32f4xx_hal.o
 .debug_abbrev  0x000000000000034f      0x2f5 Drivers/STM32F4xx_HAL_Driver/Src/stm32f4xx_hal_cortex.o
 .debug_abbrev  0x0000000000000644      0x224 Drivers/STM32F4xx_HAL_Driver/Src/stm32f4xx_hal_dma.o
 .debug_abbrev  0x0000000000000868      0x1c4 Drivers/STM32F4xx_HAL_Driver/Src/stm32f4xx_hal_gpio.o
 .debug_abbrev  0x0000000000000a2c      0x240 Drivers/STM32F4xx_HAL_Driver/Src/stm32f4xx_hal_rcc.o
 .debug_abbrev  0x0000000000000c6c      0x23b Drivers/STM32F4xx_HAL_Driver/Src/stm32f4xx_hal_spi.o
 .debug_abbrev  0x0000000000000ea7      0x229 Drivers/STM32F4xx_HAL_Driver/Src/stm32f4xx_hal_tim.o
 .debug_abbrev  0x00000000000010d0      0x217 Drivers/STM32F4xx_HAL_Driver/Src/stm32f4xx_hal_tim_ex.o
 .debug_abbrev  0x00000000000012e7       0x9e Drivers/st7735/fonts.o
 .debug_abbrev  0x0000000000001385      0x299 Drivers/st7735/st7735.o
 .debug_abbrev  0x000000000000161e      0x3be Middlewares/Third_Party/FreeRTOS/Source/CMSIS_RTOS_V2/cmsis_os2.o
 .debug_abbrev  0x00000000000019dc      0x1cc Middlewares/Third_Party/FreeRTOS/Source/list.o
 .debug_abbrev  0x0000000000001ba8      0x20d Middlewares/Third_Party/FreeRTOS/Source/portable/GCC/ARM_CM4F/port.o
 .debug_abbrev  0x0000000000001db5      0x29b Middlewares/Third_Party/FreeRTOS/Source/portable/MemMang/heap_4.o
 .debug_abbrev  0x0000000000002050      0x333 Middlewares/Third_Party/FreeRTOS/Source/queue.o
 .debug_abbrev  0x0000000000002383      0x34b Middlewares/Third_Party/FreeRTOS/Source/tasks.o
 .debug_abbrev  0x00000000000026ce      0x2d4 Middlewares/Third_Party/FreeRTOS/Source/timers.o
 .debug_abbrev  0x00000000000029a2      0x2b1 Src/main.o
 .debug_abbrev  0x0000000000002c53      0x190 Src/stm32f4xx_hal_msp.o
 .debug_abbrev  0x0000000000002de3      0x196 Src/stm32f4xx_hal_timebase_tim.o
 .debug_abbrev  0x0000000000002f79      0x162 Src/stm32f4xx_it.o
 .debug_abbrev  0x00000000000030db      0x271 Src/syscalls.o
 .debug_abbrev  0x000000000000334c      0x126 Src/system_stm32f4xx.o
 .debug_abbrev  0x0000000000003472       0x12 startup/startup_stm32f407xx.o

.debug_aranges  0x0000000000000000     0x1548
 .debug_aranges
                0x0000000000000000       0x50 Drivers/LIS302DL/LIS302DL.o
 .debug_aranges
                0x0000000000000050       0xf0 Drivers/STM32F4xx_HAL_Driver/Src/stm32f4xx_hal.o
 .debug_aranges