Archive member included to satisfy reference by file (symbol)

/opt/Atollic_TrueSTUDIO_for_STM32_x86_64_9.3.0/ARMTools/bin/../lib/gcc/arm-atollic-eabi/6.3.1/../../../../arm-atollic-eabi/lib/armv7e-m/fpu/libc_nano.a(lib_a-errno.o)
                              Src/syscalls.o (__errno)
/opt/Atollic_TrueSTUDIO_for_STM32_x86_64_9.3.0/ARMTools/bin/../lib/gcc/arm-atollic-eabi/6.3.1/../../../../arm-atollic-eabi/lib/armv7e-m/fpu/libc_nano.a(lib_a-impure.o)
                              /opt/Atollic_TrueSTUDIO_for_STM32_x86_64_9.3.0/ARMTools/bin/../lib/gcc/arm-atollic-eabi/6.3.1/../../../../arm-atollic-eabi/lib/armv7e-m/fpu/libc_nano.a(lib_a-errno.o) (_impure_ptr)
/opt/Atollic_TrueSTUDIO_for_STM32_x86_64_9.3.0/ARMTools/bin/../lib/gcc/arm-atollic-eabi/6.3.1/../../../../arm-atollic-eabi/lib/armv7e-m/fpu/libc_nano.a(lib_a-init.o)
                              startup/startup_stm32f407xx.o (__libc_init_array)
/opt/Atollic_TrueSTUDIO_for_STM32_x86_64_9.3.0/ARMTools/bin/../lib/gcc/arm-atollic-eabi/6.3.1/../../../../arm-atollic-eabi/lib/armv7e-m/fpu/libc_nano.a(lib_a-memset.o)
                              Src/main.o (memset)
/opt/Atollic_TrueSTUDIO_for_STM32_x86_64_9.3.0/ARMTools/bin/../lib/gcc/arm-atollic-eabi/6.3.1/armv7e-m/fpu/libgcc.a(_aeabi_uldivmod.o)
                              Drivers/STM32F4xx_HAL_Driver/Src/stm32f4xx_hal_rcc.o (__aeabi_uldivmod)
/opt/Atollic_TrueSTUDIO_for_STM32_x86_64_9.3.0/ARMTools/bin/../lib/gcc/arm-atollic-eabi/6.3.1/armv7e-m/fpu/libgcc.a(_udivmoddi4.o)
                              /opt/Atollic_TrueSTUDIO_for_STM32_x86_64_9.3.0/ARMTools/bin/../lib/gcc/arm-atollic-eabi/6.3.1/armv7e-m/fpu/libgcc.a(_aeabi_uldivmod.o) (__udivmoddi4)
/opt/Atollic_TrueSTUDIO_for_STM32_x86_64_9.3.0/ARMTools/bin/../lib/gcc/arm-atollic-eabi/6.3.1/armv7e-m/fpu/libgcc.a(_dvmd_tls.o)
                              /opt/Atollic_TrueSTUDIO_for_STM32_x86_64_9.3.0/ARMTools/bin/../lib/gcc/arm-atollic-eabi/6.3.1/armv7e-m/fpu/libgcc.a(_aeabi_uldivmod.o) (__aeabi_ldiv0)

Allocating common symbols
Common symbol       size              file

hdma_usart2_rx      0x60              Src/main.o
uwTick              0x4               Drivers/STM32F4xx_HAL_Driver/Src/stm32f4xx_hal.o
pFlash              0x20              Drivers/STM32F4xx_HAL_Driver/Src/stm32f4xx_hal_flash.o
hspi3               0x58              Src/main.o
hdma_usart2_tx      0x60              Src/main.o
htim6               0x40              Src/stm32f4xx_hal_timebase_tim.o
huart2              0x40              Src/main.o
status              0x1               Src/main.o

Discarded input sections

 .text          0x0000000000000000        0x0 /opt/Atollic_TrueSTUDIO_for_STM32_x86_64_9.3.0/ARMTools/bin/../lib/gcc/arm-atollic-eabi/6.3.1/armv7e-m/fpu/crti.o
 .data          0x0000000000000000        0x0 /opt/Atollic_TrueSTUDIO_for_STM32_x86_64_9.3.0/ARMTools/bin/../lib/gcc/arm-atollic-eabi/6.3.1/armv7e-m/fpu/crti.o
 .bss           0x0000000000000000        0x0 /opt/Atollic_TrueSTUDIO_for_STM32_x86_64_9.3.0/ARMTools/bin/../lib/gcc/arm-atollic-eabi/6.3.1/armv7e-m/fpu/crti.o
 .data          0x0000000000000000        0x4 /opt/Atollic_TrueSTUDIO_for_STM32_x86_64_9.3.0/ARMTools/bin/../lib/gcc/arm-atollic-eabi/6.3.1/armv7e-m/fpu/crtbegin.o
 .text          0x0000000000000000        0x0 Drivers/STM32F4xx_HAL_Driver/Src/stm32f4xx_hal.o
 .data          0x0000000000000000        0x0 Drivers/STM32F4xx_HAL_Driver/Src/stm32f4xx_hal.o
 .bss           0x0000000000000000        0x0 Drivers/STM32F4xx_HAL_Driver/Src/stm32f4xx_hal.o
 .text.HAL_MspInit
                0x0000000000000000        0x2 Drivers/STM32F4xx_HAL_Driver/Src/stm32f4xx_hal.o
 .text.HAL_MspDeInit
                0x0000000000000000        0x2 Drivers/STM32F4xx_HAL_Driver/Src/stm32f4xx_hal.o
 .text.HAL_DeInit
                0x0000000000000000       0x2c Drivers/STM32F4xx_HAL_Driver/Src/stm32f4xx_hal.o
 .text.HAL_InitTick
                0x0000000000000000       0x48 Drivers/STM32F4xx_HAL_Driver/Src/stm32f4xx_hal.o
 .text.HAL_GetTickPrio
                0x0000000000000000        0xc Drivers/STM32F4xx_HAL_Driver/Src/stm32f4xx_hal.o
 .text.HAL_SetTickFreq
                0x0000000000000000       0x28 Drivers/STM32F4xx_HAL_Driver/Src/stm32f4xx_hal.o
 .text.HAL_GetTickFreq
                0x0000000000000000        0xc Drivers/STM32F4xx_HAL_Driver/Src/stm32f4xx_hal.o
 .text.HAL_SuspendTick
                0x0000000000000000       0x10 Drivers/STM32F4xx_HAL_Driver/Src/stm32f4xx_hal.o
 .text.HAL_ResumeTick
                0x0000000000000000       0x10 Drivers/STM32F4xx_HAL_Driver/Src/stm32f4xx_hal.o
 .text.HAL_GetHalVersion
                0x0000000000000000        0x8 Drivers/STM32F4xx_HAL_Driver/Src/stm32f4xx_hal.o
 .text.HAL_GetREVID
                0x0000000000000000        0xc Drivers/STM32F4xx_HAL_Driver/Src/stm32f4xx_hal.o
 .text.HAL_GetDEVID
                0x0000000000000000       0x10 Drivers/STM32F4xx_HAL_Driver/Src/stm32f4xx_hal.o
 .text.HAL_DBGMCU_EnableDBGSleepMode
[...]
Memory Configuration

Name             Origin             Length             Attributes
RAM              0x0000000020000000 0x0000000000020000 xrw
CCMRAM           0x0000000010000000 0x0000000000010000 xrw
FLASH            0x0000000008000000 0x0000000000100000 xr
*default*        0x0000000000000000 0xffffffffffffffff

Linker script and memory map

LOAD /opt/Atollic_TrueSTUDIO_for_STM32_x86_64_9.3.0/ARMTools/bin/../lib/gcc/arm-atollic-eabi/6.3.1/armv7e-m/fpu/crti.o
LOAD /opt/Atollic_TrueSTUDIO_for_STM32_x86_64_9.3.0/ARMTools/bin/../lib/gcc/arm-atollic-eabi/6.3.1/armv7e-m/fpu/crtbegin.o
LOAD Drivers/STM32F4xx_HAL_Driver/Src/stm32f4xx_hal.o
LOAD Drivers/STM32F4xx_HAL_Driver/Src/stm32f4xx_hal_cortex.o
LOAD Drivers/STM32F4xx_HAL_Driver/Src/stm32f4xx_hal_dma.o
LOAD Drivers/STM32F4xx_HAL_Driver/Src/stm32f4xx_hal_dma_ex.o
LOAD Drivers/STM32F4xx_HAL_Driver/Src/stm32f4xx_hal_exti.o
LOAD Drivers/STM32F4xx_HAL_Driver/Src/stm32f4xx_hal_flash.o
LOAD Drivers/STM32F4xx_HAL_Driver/Src/stm32f4xx_hal_flash_ex.o
LOAD Drivers/STM32F4xx_HAL_Driver/Src/stm32f4xx_hal_flash_ramfunc.o
LOAD Drivers/STM32F4xx_HAL_Driver/Src/stm32f4xx_hal_gpio.o
LOAD Drivers/STM32F4xx_HAL_Driver/Src/stm32f4xx_hal_pwr.o
LOAD Drivers/STM32F4xx_HAL_Driver/Src/stm32f4xx_hal_pwr_ex.o
LOAD Drivers/STM32F4xx_HAL_Driver/Src/stm32f4xx_hal_rcc.o
LOAD Drivers/STM32F4xx_HAL_Driver/Src/stm32f4xx_hal_rcc_ex.o
LOAD Drivers/STM32F4xx_HAL_Driver/Src/stm32f4xx_hal_spi.o
LOAD Drivers/STM32F4xx_HAL_Driver/Src/stm32f4xx_hal_tim.o
LOAD Drivers/STM32F4xx_HAL_Driver/Src/stm32f4xx_hal_tim_ex.o
LOAD Drivers/STM32F4xx_HAL_Driver/Src/stm32f4xx_hal_uart.o
LOAD Drivers/st7735/fonts.o
LOAD Drivers/st7735/st7735.o
LOAD Src/main.o
LOAD Src/stm32f4xx_hal_msp.o
LOAD Src/stm32f4xx_hal_timebase_tim.o
LOAD Src/stm32f4xx_it.o
LOAD Src/syscalls.o
LOAD Src/system_stm32f4xx.o
LOAD startup/startup_stm32f407xx.o
                0x0000000000000080                malloc_getpagesize_P = 0x80
START GROUP
LOAD /opt/Atollic_TrueSTUDIO_for_STM32_x86_64_9.3.0/ARMTools/bin/../lib/gcc/arm-atollic-eabi/6.3.1/../../../../arm-atollic-eabi/lib/armv7e-m/fpu/libc_nano.a
LOAD /opt/Atollic_TrueSTUDIO_for_STM32_x86_64_9.3.0/ARMTools/bin/../lib/gcc/arm-atollic-eabi/6.3.1/../../../../arm-atollic-eabi/lib/armv7e-m/fpu/libm.a
END GROUP
START GROUP
LOAD /opt/Atollic_TrueSTUDIO_for_STM32_x86_64_9.3.0/ARMTools/bin/../lib/gcc/arm-atollic-eabi/6.3.1/armv7e-m/fpu/libgcc.a
LOAD /opt/Atollic_TrueSTUDIO_for_STM32_x86_64_9.3.0/ARMTools/bin/../lib/gcc/arm-atollic-eabi/6.3.1/../../../../arm-atollic-eabi/lib/armv7e-m/fpu/libc_nano.a
END GROUP
START GROUP
LOAD /opt/Atollic_TrueSTUDIO_for_STM32_x86_64_9.3.0/ARMTools/bin/../lib/gcc/arm-atollic-eabi/6.3.1/armv7e-m/fpu/libgcc.a
LOAD /opt/Atollic_TrueSTUDIO_for_STM32_x86_64_9.3.0/ARMTools/bin/../lib/gcc/arm-atollic-eabi/6.3.1/../../../../arm-atollic-eabi/lib/armv7e-m/fpu/libc_nano.a
LOAD /opt/Atollic_TrueSTUDIO_for_STM32_x86_64_9.3.0/ARMTools/bin/../lib/gcc/arm-atollic-eabi/6.3.1/../../../../arm-atollic-eabi/lib/armv7e-m/fpu/libnosys.a
END GROUP
START GROUP
LOAD /opt/Atollic_TrueSTUDIO_for_STM32_x86_64_9.3.0/ARMTools/bin/../lib/gcc/arm-atollic-eabi/6.3.1/armv7e-m/fpu/libgcc.a
LOAD /opt/Atollic_TrueSTUDIO_for_STM32_x86_64_9.3.0/ARMTools/bin/../lib/gcc/arm-atollic-eabi/6.3.1/../../../../arm-atollic-eabi/lib/armv7e-m/fpu/libc_nano.a
LOAD /opt/Atollic_TrueSTUDIO_for_STM32_x86_64_9.3.0/ARMTools/bin/../lib/gcc/arm-atollic-eabi/6.3.1/../../../../arm-atollic-eabi/lib/armv7e-m/fpu/libnosys.a
END GROUP
LOAD /opt/Atollic_TrueSTUDIO_for_STM32_x86_64_9.3.0/ARMTools/bin/../lib/gcc/arm-atollic-eabi/6.3.1/armv7e-m/fpu/crtend.o
LOAD /opt/Atollic_TrueSTUDIO_for_STM32_x86_64_9.3.0/ARMTools/bin/../lib/gcc/arm-atollic-eabi/6.3.1/armv7e-m/fpu/crtn.o
                0x0000000020020000                _estack = 0x20020000
                0x0000000000000200                _Min_Heap_Size = 0x200
                0x0000000000000400                _Min_Stack_Size = 0x400

.isr_vector     0x0000000008000000      0x188
                0x0000000008000000                . = ALIGN (0x4)
 *(.isr_vector)
 .isr_vector    0x0000000008000000      0x188 startup/startup_stm32f407xx.o
                0x0000000008000000                g_pfnVectors
                0x0000000008000188                . = ALIGN (0x4)

.text           0x0000000008000188     0x1f74
                0x0000000008000188                . = ALIGN (0x4)
 *(.text)
 .text          0x0000000008000188       0x40 /opt/Atollic_TrueSTUDIO_for_STM32_x86_64_9.3.0/ARMTools/bin/../lib/gcc/arm-atollic-eabi/6.3.1/armv7e-m/fpu/crtbegin.o
 .text          0x00000000080001c8       0x30 /opt/Atollic_TrueSTUDIO_for_STM32_x86_64_9.3.0/ARMTools/bin/../lib/gcc/arm-atollic-eabi/6.3.1/armv7e-m/fpu/libgcc.a(_aeabi_uldivmod.o)
                0x00000000080001c8                __aeabi_uldivmod
 .text          0x00000000080001f8      0x2dc /opt/Atollic_TrueSTUDIO_for_STM32_x86_64_9.3.0/ARMTools/bin/../lib/gcc/arm-atollic-eabi/6.3.1/armv7e-m/fpu/libgcc.a(_udivmoddi4.o)
                0x00000000080001f8                __udivmoddi4
 .text          0x00000000080004d4        0x4 /opt/Atollic_TrueSTUDIO_for_STM32_x86_64_9.3.0/ARMTools/bin/../lib/gcc/arm-atollic-eabi/6.3.1/armv7e-m/fpu/libgcc.a(_dvmd_tls.o)
                0x00000000080004d4                __aeabi_ldiv0
                0x00000000080004d4                __aeabi_idiv0
 *(.text*)
 .text.HAL_Init
                0x00000000080004d8       0x34 Drivers/STM32F4xx_HAL_Driver/Src/stm32f4xx_hal.o
                0x00000000080004d8                HAL_Init
 .text.HAL_IncTick
                0x000000000800050c       0x18 Drivers/STM32F4xx_HAL_Driver/Src/stm32f4xx_hal.o
                0x000000000800050c                HAL_IncTick
 .text.HAL_GetTick
                0x0000000008000524        0xc Drivers/STM32F4xx_HAL_Driver/Src/stm32f4xx_hal.o
                0x0000000008000524                HAL_GetTick
 .text.HAL_Delay
                0x0000000008000530       0x28 Drivers/STM32F4xx_HAL_Driver/Src/stm32f4xx_hal.o
                0x0000000008000530                HAL_Delay
 .text.HAL_NVIC_SetPriorityGrouping
                0x0000000008000558       0x24 Drivers/STM32F4xx_HAL_Driver/Src/stm32f4xx_hal_cortex.o
                0x0000000008000558                HAL_NVIC_SetPriorityGrouping
 .text.HAL_NVIC_SetPriority
                0x000000000800057c       0x68 Drivers/STM32F4xx_HAL_Driver/Src/stm32f4xx_hal_cortex.o
                0x000000000800057c                HAL_NVIC_SetPriority
 .text.HAL_NVIC_EnableIRQ
                0x00000000080005e4       0x1c Drivers/STM32F4xx_HAL_Driver/Src/stm32f4xx_hal_cortex.o
                0x00000000080005e4                HAL_NVIC_EnableIRQ
 .text.DMA_CalcBaseAndBitshift
                0x0000000008000600       0x2c Drivers/STM32F4xx_HAL_Driver/Src/stm32f4xx_hal_dma.o
 .text.HAL_DMA_Init
                0x000000000800062c       0xfc Drivers/STM32F4xx_HAL_Driver/Src/stm32f4xx_hal_dma.o
                0x000000000800062c                HAL_DMA_Init
 .text.HAL_DMA_Abort_IT
                0x0000000008000728       0x24 Drivers/STM32F4xx_HAL_Driver/Src/stm32f4xx_hal_dma.o
                0x0000000008000728                HAL_DMA_Abort_IT
 .text.HAL_DMA_IRQHandler
                0x000000000800074c      0x174 Drivers/STM32F4xx_HAL_Driver/Src/stm32f4xx_hal_dma.o
                0x000000000800074c                HAL_DMA_IRQHandler
 .text.HAL_GPIO_Init
                0x00000000080008c0      0x1c0 Drivers/STM32F4xx_HAL_Driver/Src/stm32f4xx_hal_gpio.o
                0x00000000080008c0                HAL_GPIO_Init
 .text.HAL_GPIO_WritePin
                0x0000000008000a80        0xa Drivers/STM32F4xx_HAL_Driver/Src/stm32f4xx_hal_gpio.o
                0x0000000008000a80                HAL_GPIO_WritePin
 *fill*         0x0000000008000a8a        0x2 
 .text.HAL_RCC_OscConfig
                0x0000000008000a8c      0x34c Drivers/STM32F4xx_HAL_Driver/Src/stm32f4xx_hal_rcc.o
                0x0000000008000a8c                HAL_RCC_OscConfig
 .text.HAL_RCC_GetSysClockFreq
                0x0000000008000dd8       0x5c Drivers/STM32F4xx_HAL_Driver/Src/stm32f4xx_hal_rcc.o
                0x0000000008000dd8                HAL_RCC_GetSysClockFreq
 .text.HAL_RCC_ClockConfig
                0x0000000008000e34      0x138 Drivers/STM32F4xx_HAL_Driver/Src/stm32f4xx_hal_rcc.o
                0x0000000008000e34                HAL_RCC_ClockConfig
 .text.HAL_RCC_GetPCLK1Freq
                0x0000000008000f6c       0x20 Drivers/STM32F4xx_HAL_Driver/Src/stm32f4xx_hal_rcc.o
                0x0000000008000f6c                HAL_RCC_GetPCLK1Freq
 .text.HAL_RCC_GetPCLK2Freq
                0x0000000008000f8c       0x20 Drivers/STM32F4xx_HAL_Driver/Src/stm32f4xx_hal_rcc.o
                0x0000000008000f8c                HAL_RCC_GetPCLK2Freq
 .text.HAL_RCC_GetClockConfig
                0x0000000008000fac       0x3c Drivers/STM32F4xx_HAL_Driver/Src/stm32f4xx_hal_rcc.o
                0x0000000008000fac                HAL_RCC_GetClockConfig
 .text.SPI_WaitFlagStateUntilTimeout.constprop.9
                0x0000000008000fe8       0x76 Drivers/STM32F4xx_HAL_Driver/Src/stm32f4xx_hal_spi.o
 *fill*         0x000000000800105e        0x2 
 .text.SPI_EndRxTxTransaction
                0x0000000008001060       0x5c Drivers/STM32F4xx_HAL_Driver/Src/stm32f4xx_hal_spi.o
 .text.HAL_SPI_Init
                0x00000000080010bc       0x7a Drivers/STM32F4xx_HAL_Driver/Src/stm32f4xx_hal_spi.o
                0x00000000080010bc                HAL_SPI_Init
 .text.HAL_SPI_Transmit
                0x0000000008001136      0x150 Drivers/STM32F4xx_HAL_Driver/Src/stm32f4xx_hal_spi.o
                0x0000000008001136                HAL_SPI_Transmit
 .text.HAL_TIM_Base_MspInit
                0x0000000008001286        0x2 Drivers/STM32F4xx_HAL_Driver/Src/stm32f4xx_hal_tim.o
                0x0000000008001286                HAL_TIM_Base_MspInit
 .text.HAL_TIM_Base_Start_IT
                0x0000000008001288       0x20 Drivers/STM32F4xx_HAL_Driver/Src/stm32f4xx_hal_tim.o
                0x0000000008001288                HAL_TIM_Base_Start_IT
 .text.HAL_TIM_OC_DelayElapsedCallback
                0x00000000080012a8        0x2 Drivers/STM32F4xx_HAL_Driver/Src/stm32f4xx_hal_tim.o
                0x00000000080012a8                HAL_TIM_OC_DelayElapsedCallback
 .text.HAL_TIM_IC_CaptureCallback
                0x00000000080012aa        0x2 Drivers/STM32F4xx_HAL_Driver/Src/stm32f4xx_hal_tim.o
                0x00000000080012aa                HAL_TIM_IC_CaptureCallback
 .text.HAL_TIM_PWM_PulseFinishedCallback
                0x00000000080012ac        0x2 Drivers/STM32F4xx_HAL_Driver/Src/stm32f4xx_hal_tim.o
                0x00000000080012ac                HAL_TIM_PWM_PulseFinishedCallback
 .text.HAL_TIM_TriggerCallback
                0x00000000080012ae        0x2 Drivers/STM32F4xx_HAL_Driver/Src/stm32f4xx_hal_tim.o
                0x00000000080012ae                HAL_TIM_TriggerCallback
 .text.HAL_TIM_IRQHandler
                0x00000000080012b0      0x144 Drivers/STM32F4xx_HAL_Driver/Src/stm32f4xx_hal_tim.o
                0x00000000080012b0                HAL_TIM_IRQHandler
 .text.TIM_Base_SetConfig
                0x00000000080013f4       0xcc Drivers/STM32F4xx_HAL_Driver/Src/stm32f4xx_hal_tim.o
                0x00000000080013f4                TIM_Base_SetConfig
 .text.HAL_TIM_Base_Init
                0x00000000080014c0       0x34 Drivers/STM32F4xx_HAL_Driver/Src/stm32f4xx_hal_tim.o
                0x00000000080014c0                HAL_TIM_Base_Init
 .text.HAL_TIMEx_CommutCallback
                0x00000000080014f4        0x2 Drivers/STM32F4xx_HAL_Driver/Src/stm32f4xx_hal_tim_ex.o
                0x00000000080014f4                HAL_TIMEx_CommutCallback
 .text.HAL_TIMEx_BreakCallback
                0x00000000080014f6        0x2 Drivers/STM32F4xx_HAL_Driver/Src/stm32f4xx_hal_tim_ex.o
                0x00000000080014f6                HAL_TIMEx_BreakCallback
 .text.UART_EndRxTransfer
                0x00000000080014f8       0x1a Drivers/STM32F4xx_HAL_Driver/Src/stm32f4xx_hal_uart.o
 *fill*         0x0000000008001512        0x2 
 .text.UART_SetConfig
                0x0000000008001514       0xdc Drivers/STM32F4xx_HAL_Driver/Src/stm32f4xx_hal_uart.o
 .text.HAL_UART_Init
                0x00000000080015f0       0x5c Drivers/STM32F4xx_HAL_Driver/Src/stm32f4xx_hal_uart.o
                0x00000000080015f0                HAL_UART_Init
 .text.HAL_UART_TxCpltCallback
                0x000000000800164c        0x2 Drivers/STM32F4xx_HAL_Driver/Src/stm32f4xx_hal_uart.o
                0x000000000800164c                HAL_UART_TxCpltCallback
 .text.HAL_UART_RxCpltCallback
                0x000000000800164e        0x2 Drivers/STM32F4xx_HAL_Driver/Src/stm32f4xx_hal_uart.o
                0x000000000800164e                HAL_UART_RxCpltCallback
 .text.UART_Receive_IT
                0x0000000008001650       0x7c Drivers/STM32F4xx_HAL_Driver/Src/stm32f4xx_hal_uart.o
 .text.HAL_UART_ErrorCallback
                0x00000000080016cc        0x2 Drivers/STM32F4xx_HAL_Driver/Src/stm32f4xx_hal_uart.o
                0x00000000080016cc                HAL_UART_ErrorCallback
 *fill*         0x00000000080016ce        0x2 
 .text.HAL_UART_IRQHandler
                0x00000000080016d0      0x144 Drivers/STM32F4xx_HAL_Driver/Src/stm32f4xx_hal_uart.o
                0x00000000080016d0                HAL_UART_IRQHandler
 .text.UART_DMAAbortOnError
                0x0000000008001814       0x10 Drivers/STM32F4xx_HAL_Driver/Src/stm32f4xx_hal_uart.o
 .text.ST7735_Select
                0x0000000008001824       0x10 Drivers/st7735/st7735.o
 .text.ST7735_WriteCommand
                0x0000000008001834       0x30 Drivers/st7735/st7735.o
 .text.ST7735_WriteData
                0x0000000008001864       0x2c Drivers/st7735/st7735.o
 .text.ST7735_ExecuteCommandList
                0x0000000008001890       0x44 Drivers/st7735/st7735.o
 .text.ST7735_SetAddressWindow
                0x00000000080018d4       0x4e Drivers/st7735/st7735.o
 *fill*         0x0000000008001922        0x2 
 .text.ST7735_Unselect
                0x0000000008001924       0x10 Drivers/st7735/st7735.o
                0x0000000008001924                ST7735_Unselect
 .text.ST7735_FillRectangle.part.1
                0x0000000008001934       0x94 Drivers/st7735/st7735.o
 .text.ST7735_Init
                0x00000000080019c8       0x4c Drivers/st7735/st7735.o
                0x00000000080019c8                ST7735_Init
 .text.ST7735_WriteString
                0x0000000008001a14       0xdc Drivers/st7735/st7735.o
                0x0000000008001a14                ST7735_WriteString
 .text.ST7735_FillScreen
                0x0000000008001af0       0x16 Drivers/st7735/st7735.o
                0x0000000008001af0                ST7735_FillScreen
 *fill*         0x0000000008001b06        0x2 
 .text.SystemClock_Config
                0x0000000008001b08       0x94 Src/main.o
                0x0000000008001b08                SystemClock_Config
 .text.startup.main
                0x0000000008001b9c      0x210 Src/main.o
                0x0000000008001b9c                main
 .text.HAL_TIM_PeriodElapsedCallback
                0x0000000008001dac       0x14 Src/main.o
                0x0000000008001dac                HAL_TIM_PeriodElapsedCallback
 .text.Error_Handler
                0x0000000008001dc0        0x2 Src/main.o
                0x0000000008001dc0                Error_Handler
 *fill*         0x0000000008001dc2        0x2 
 .text.HAL_MspInit
                0x0000000008001dc4       0x38 Src/stm32f4xx_hal_msp.o
                0x0000000008001dc4                HAL_MspInit
 .text.HAL_SPI_MspInit
                0x0000000008001dfc       0x6c Src/stm32f4xx_hal_msp.o
                0x0000000008001dfc                HAL_SPI_MspInit
 .text.HAL_UART_MspInit
                0x0000000008001e68       0xf8 Src/stm32f4xx_hal_msp.o
                0x0000000008001e68                HAL_UART_MspInit
 .text.HAL_InitTick
                0x0000000008001f60       0x7c Src/stm32f4xx_hal_timebase_tim.o
                0x0000000008001f60                HAL_InitTick
 .text.NMI_Handler
                0x0000000008001fdc        0x2 Src/stm32f4xx_it.o
                0x0000000008001fdc                NMI_Handler
 .text.HardFault_Handler
                0x0000000008001fde        0x2 Src/stm32f4xx_it.o
                0x0000000008001fde                HardFault_Handler
 .text.MemManage_Handler
                0x0000000008001fe0        0x2 Src/stm32f4xx_it.o
                0x0000000008001fe0                MemManage_Handler
 .text.BusFault_Handler
                0x0000000008001fe2        0x2 Src/stm32f4xx_it.o
                0x0000000008001fe2                BusFault_Handler
 .text.UsageFault_Handler
                0x0000000008001fe4        0x2 Src/stm32f4xx_it.o
                0x0000000008001fe4                UsageFault_Handler
 .text.SVC_Handler
                0x0000000008001fe6        0x2 Src/stm32f4xx_it.o
                0x0000000008001fe6                SVC_Handler
 .text.DebugMon_Handler
                0x0000000008001fe8        0x2 Src/stm32f4xx_it.o
                0x0000000008001fe8                DebugMon_Handler
 .text.PendSV_Handler
                0x0000000008001fea        0x2 Src/stm32f4xx_it.o
                0x0000000008001fea                PendSV_Handler
 .text.DMA1_Stream5_IRQHandler
                0x0000000008001fec        0xc Src/stm32f4xx_it.o
                0x0000000008001fec                DMA1_Stream5_IRQHandler
 .text.DMA1_Stream6_IRQHandler
                0x0000000008001ff8        0xc Src/stm32f4xx_it.o
                0x0000000008001ff8                DMA1_Stream6_IRQHandler
 .text.USART2_IRQHandler
                0x0000000008002004        0xc Src/stm32f4xx_it.o
                0x0000000008002004                USART2_IRQHandler
 .text.TIM6_DAC_IRQHandler
                0x0000000008002010        0xc Src/stm32f4xx_it.o
                0x0000000008002010                TIM6_DAC_IRQHandler
 .text.SystemInit
                0x000000000800201c       0x1c Src/system_stm32f4xx.o
                0x000000000800201c                SystemInit
 .text.Reset_Handler
                0x0000000008002038       0x50 startup/startup_stm32f407xx.o
                0x0000000008002038                Reset_Handler
 .text.Default_Handler
                0x0000000008002088        0x2 startup/startup_stm32f407xx.o
                0x0000000008002088                RTC_Alarm_IRQHandler
                0x0000000008002088                HASH_RNG_IRQHandler
                0x0000000008002088                EXTI2_IRQHandler
                0x0000000008002088                TIM8_CC_IRQHandler
                0x0000000008002088                TIM1_CC_IRQHandler
                0x0000000008002088                DMA2_Stream5_IRQHandler
                0x0000000008002088                SysTick_Handler
                0x0000000008002088                PVD_IRQHandler
                0x0000000008002088                SDIO_IRQHandler
                0x0000000008002088                TAMP_STAMP_IRQHandler
                0x0000000008002088                CAN2_RX1_IRQHandler
                0x0000000008002088                EXTI3_IRQHandler
                0x0000000008002088                TIM8_TRG_COM_TIM14_IRQHandler
                0x0000000008002088                TIM1_UP_TIM10_IRQHandler
                0x0000000008002088                TIM8_UP_TIM13_IRQHandler
                0x0000000008002088                I2C3_ER_IRQHandler
                0x0000000008002088                EXTI0_IRQHandler
                0x0000000008002088                I2C2_EV_IRQHandler
                0x0000000008002088                DMA1_Stream2_IRQHandler
                0x0000000008002088                CAN1_RX0_IRQHandler
                0x0000000008002088                FPU_IRQHandler
                0x0000000008002088                OTG_HS_WKUP_IRQHandler
                0x0000000008002088                CAN2_SCE_IRQHandler
                0x0000000008002088                DMA2_Stream2_IRQHandler
                0x0000000008002088                SPI1_IRQHandler
                0x0000000008002088                TIM1_BRK_TIM9_IRQHandler
                0x0000000008002088                DCMI_IRQHandler
                0x0000000008002088                CAN2_RX0_IRQHandler
                0x0000000008002088                DMA2_Stream3_IRQHandler
                0x0000000008002088                USART6_IRQHandler
                0x0000000008002088                USART3_IRQHandler
                0x0000000008002088                CAN1_RX1_IRQHandler
                0x0000000008002088                UART5_IRQHandler
                0x0000000008002088                DMA2_Stream0_IRQHandler
                0x0000000008002088                TIM4_IRQHandler
                0x0000000008002088                I2C1_EV_IRQHandler
                0x0000000008002088                DMA1_Stream1_IRQHandler
                0x0000000008002088                UART4_IRQHandler
                0x0000000008002088                TIM3_IRQHandler
                0x0000000008002088                RCC_IRQHandler
                0x0000000008002088                TIM8_BRK_TIM12_IRQHandler
                0x0000000008002088                Default_Handler
                0x0000000008002088                EXTI15_10_IRQHandler
                0x0000000008002088                ADC_IRQHandler
                0x0000000008002088                DMA1_Stream7_IRQHandler
                0x0000000008002088                TIM7_IRQHandler
                0x0000000008002088                CAN2_TX_IRQHandler
                0x0000000008002088                TIM5_IRQHandler
                0x0000000008002088                DMA2_Stream7_IRQHandler
                0x0000000008002088                I2C3_EV_IRQHandler
                0x0000000008002088                EXTI9_5_IRQHandler
                0x0000000008002088                RTC_WKUP_IRQHandler
                0x0000000008002088                ETH_WKUP_IRQHandler
                0x0000000008002088                SPI2_IRQHandler
                0x0000000008002088                OTG_HS_EP1_IN_IRQHandler
                0x0000000008002088                DMA1_Stream0_IRQHandler
                0x0000000008002088                CAN1_TX_IRQHandler
                0x0000000008002088                EXTI4_IRQHandler
                0x0000000008002088                FSMC_IRQHandler
                0x0000000008002088                ETH_IRQHandler
                0x0000000008002088                OTG_HS_EP1_OUT_IRQHandler
                0x0000000008002088                WWDG_IRQHandler
                0x0000000008002088                TIM2_IRQHandler
                0x0000000008002088                OTG_FS_WKUP_IRQHandler
                0x0000000008002088                TIM1_TRG_COM_TIM11_IRQHandler
                0x0000000008002088                OTG_HS_IRQHandler
                0x0000000008002088                EXTI1_IRQHandler
                0x0000000008002088                I2C2_ER_IRQHandler
                0x0000000008002088                DMA2_Stream1_IRQHandler
                0x0000000008002088                CAN1_SCE_IRQHandler
                0x0000000008002088                FLASH_IRQHandler
                0x0000000008002088                DMA2_Stream4_IRQHandler
                0x0000000008002088                USART1_IRQHandler
                0x0000000008002088                OTG_FS_IRQHandler
                0x0000000008002088                SPI3_IRQHandler
                0x0000000008002088                DMA1_Stream4_IRQHandler
                0x0000000008002088                I2C1_ER_IRQHandler
                0x0000000008002088                DMA2_Stream6_IRQHandler
                0x0000000008002088                DMA1_Stream3_IRQHandler
 *fill*         0x000000000800208a        0x2 
 .text.__libc_init_array
                0x000000000800208c       0x48 /opt/Atollic_TrueSTUDIO_for_STM32_x86_64_9.3.0/ARMTools/bin/../lib/gcc/arm-atollic-eabi/6.3.1/../../../../arm-atollic-eabi/lib/armv7e-m/fpu/libc_nano.a(lib_a-init.o)
                0x000000000800208c                __libc_init_array
 .text.memset   0x00000000080020d4       0x10 /opt/Atollic_TrueSTUDIO_for_STM32_x86_64_9.3.0/ARMTools/bin/../lib/gcc/arm-atollic-eabi/6.3.1/../../../../arm-atollic-eabi/lib/armv7e-m/fpu/libc_nano.a(lib_a-memset.o)
                0x00000000080020d4                memset
 *(.glue_7)
 .glue_7        0x00000000080020e4        0x0 linker stubs
 *(.glue_7t)
 .glue_7t       0x00000000080020e4        0x0 linker stubs
 *(.eh_frame)
 .eh_frame      0x00000000080020e4        0x0 /opt/Atollic_TrueSTUDIO_for_STM32_x86_64_9.3.0/ARMTools/bin/../lib/gcc/arm-atollic-eabi/6.3.1/armv7e-m/fpu/crtbegin.o
 *(.init)
 .init          0x00000000080020e4        0x4 /opt/Atollic_TrueSTUDIO_for_STM32_x86_64_9.3.0/ARMTools/bin/../lib/gcc/arm-atollic-eabi/6.3.1/armv7e-m/fpu/crti.o
                0x00000000080020e4                _init
 .init          0x00000000080020e8        0x8 /opt/Atollic_TrueSTUDIO_for_STM32_x86_64_9.3.0/ARMTools/bin/../lib/gcc/arm-atollic-eabi/6.3.1/armv7e-m/fpu/crtn.o
 *(.fini)
 .fini          0x00000000080020f0        0x4 /opt/Atollic_TrueSTUDIO_for_STM32_x86_64_9.3.0/ARMTools/bin/../lib/gcc/arm-atollic-eabi/6.3.1/armv7e-m/fpu/crti.o
                0x00000000080020f0                _fini
 .fini          0x00000000080020f4        0x8 /opt/Atollic_TrueSTUDIO_for_STM32_x86_64_9.3.0/ARMTools/bin/../lib/gcc/arm-atollic-eabi/6.3.1/armv7e-m/fpu/crtn.o
                0x00000000080020fc                . = ALIGN (0x4)
                0x00000000080020fc                _etext = .

.vfp11_veneer   0x00000000080020fc        0x0
 .vfp11_veneer  0x00000000080020fc        0x0 linker stubs

.v4_bx          0x00000000080020fc        0x0
 .v4_bx         0x00000000080020fc        0x0 linker stubs

.iplt           0x00000000080020fc        0x0
 .iplt          0x00000000080020fc        0x0 /opt/Atollic_TrueSTUDIO_for_STM32_x86_64_9.3.0/ARMTools/bin/../lib/gcc/arm-atollic-eabi/6.3.1/armv7e-m/fpu/crtbegin.o

.rodata         0x00000000080020fc     0x2908
                0x00000000080020fc                . = ALIGN (0x4)
 *(.rodata)
 *(.rodata*)
 .rodata.flagBitshiftOffset.8105
                0x00000000080020fc        0x8 Drivers/STM32F4xx_HAL_Driver/Src/stm32f4xx_hal_dma.o
 .rodata.Font11x18
                0x0000000008002104      0xd5c Drivers/st7735/fonts.o
 .rodata.Font16x26
                0x0000000008002e60     0x134c Drivers/st7735/fonts.o
 .rodata.Font7x10
                0x00000000080041ac      0x76c Drivers/st7735/fonts.o
 .rodata.init_cmds1
                0x0000000008004918       0x3b Drivers/st7735/st7735.o
 .rodata.init_cmds2
                0x0000000008004953        0xd Drivers/st7735/st7735.o
 .rodata.init_cmds3
                0x0000000008004960       0x2b Drivers/st7735/st7735.o
 .rodata.main.str1.1
                0x000000000800498b       0x5e Src/main.o
 .rodata.AHBPrescTable
                0x00000000080049e9       0x10 Src/system_stm32f4xx.o
                0x00000000080049e9                AHBPrescTable
 .rodata.APBPrescTable
                0x00000000080049f9        0x8 Src/system_stm32f4xx.o
                0x00000000080049f9                APBPrescTable
                0x0000000008004a04                . = ALIGN (0x4)
 *fill*         0x0000000008004a01        0x3 

.ARM.extab
 *(.ARM.extab* .gnu.linkonce.armextab.*)

.ARM            0x0000000008004a04        0x8
                0x0000000008004a04                __exidx_start = .
 *(.ARM.exidx*)
 .ARM.exidx     0x0000000008004a04        0x8 /opt/Atollic_TrueSTUDIO_for_STM32_x86_64_9.3.0/ARMTools/bin/../lib/gcc/arm-atollic-eabi/6.3.1/armv7e-m/fpu/libgcc.a(_udivmoddi4.o)
                0x0000000008004a0c                __exidx_end = .

.rel.dyn        0x0000000008004a0c        0x0
 .rel.iplt      0x0000000008004a0c        0x0 /opt/Atollic_TrueSTUDIO_for_STM32_x86_64_9.3.0/ARMTools/bin/../lib/gcc/arm-atollic-eabi/6.3.1/armv7e-m/fpu/crtbegin.o

.preinit_array  0x0000000008004a0c        0x0
                0x0000000008004a0c                PROVIDE (__preinit_array_start, .)
 *(.preinit_array*)
                0x0000000008004a0c                PROVIDE (__preinit_array_end, .)

.init_array     0x0000000008004a0c        0x4
                0x0000000008004a0c                PROVIDE (__init_array_start, .)
 *(SORT(.init_array.*))
 *(.init_array*)
 .init_array    0x0000000008004a0c        0x4 /opt/Atollic_TrueSTUDIO_for_STM32_x86_64_9.3.0/ARMTools/bin/../lib/gcc/arm-atollic-eabi/6.3.1/armv7e-m/fpu/crtbegin.o
                0x0000000008004a10                PROVIDE (__init_array_end, .)

.fini_array     0x0000000008004a10        0x4
                [!provide]                        PROVIDE (__fini_array_start, .)
 *(SORT(.fini_array.*))
 *(.fini_array*)
 .fini_array    0x0000000008004a10        0x4 /opt/Atollic_TrueSTUDIO_for_STM32_x86_64_9.3.0/ARMTools/bin/../lib/gcc/arm-atollic-eabi/6.3.1/armv7e-m/fpu/crtbegin.o
                [!provide]                        PROVIDE (__fini_array_end, .)
                0x0000000008004a14                _sidata = LOADADDR (.data)

.data           0x0000000020000000       0x24 load address 0x0000000008004a14
                0x0000000020000000                . = ALIGN (0x4)
                0x0000000020000000                _sdata = .
 *(.data)
 *(.data*)
 .data.uwTickFreq
                0x0000000020000000        0x1 Drivers/STM32F4xx_HAL_Driver/Src/stm32f4xx_hal.o
                0x0000000020000000                uwTickFreq
 *fill*         0x0000000020000001        0x3 
 .data.uwTickPrio
                0x0000000020000004        0x4 Drivers/STM32F4xx_HAL_Driver/Src/stm32f4xx_hal.o
                0x0000000020000004                uwTickPrio
 .data.Font_11x18
                0x0000000020000008        0x8 Drivers/st7735/fonts.o
                0x0000000020000008                Font_11x18
 .data.Font_16x26
                0x0000000020000010        0x8 Drivers/st7735/fonts.o
                0x0000000020000010                Font_16x26
 .data.Font_7x10
                0x0000000020000018        0x8 Drivers/st7735/fonts.o
                0x0000000020000018                Font_7x10
 .data.SystemCoreClock
                0x0000000020000020        0x4 Src/system_stm32f4xx.o
                0x0000000020000020                SystemCoreClock
                0x0000000020000024                . = ALIGN (0x4)
                0x0000000020000024                _edata = .
                0x0000000008004a38                _siccmram = LOADADDR (.ccmram)

.igot.plt       0x0000000020000024        0x0 load address 0x0000000008004a38
 .igot.plt      0x0000000020000024        0x0 /opt/Atollic_TrueSTUDIO_for_STM32_x86_64_9.3.0/ARMTools/bin/../lib/gcc/arm-atollic-eabi/6.3.1/armv7e-m/fpu/crtbegin.o

.ccmram         0x0000000010000000        0x0 load address 0x0000000008004a38
                0x0000000010000000                . = ALIGN (0x4)
                0x0000000010000000                _sccmram = .
 *(.ccmram)
 *(.ccmram*)
                0x0000000010000000                . = ALIGN (0x4)
                0x0000000010000000                _eccmram = .
                0x0000000010000000                . = ALIGN (0x4)

.bss            0x0000000020000024      0x1bc
                0x0000000020000024                _sbss = .
                0x0000000020000024                __bss_start__ = _sbss
 *(.bss)
 .bss           0x0000000020000024       0x1c /opt/Atollic_TrueSTUDIO_for_STM32_x86_64_9.3.0/ARMTools/bin/../lib/gcc/arm-atollic-eabi/6.3.1/armv7e-m/fpu/crtbegin.o
 *(.bss*)
 *(COMMON)
 COMMON         0x0000000020000040        0x4 Drivers/STM32F4xx_HAL_Driver/Src/stm32f4xx_hal.o
                0x0000000020000040                uwTick
 COMMON         0x0000000020000044      0x159 Src/main.o
                0x0000000020000044                hdma_usart2_rx
                0x00000000200000a4                hspi3
                0x00000000200000fc                hdma_usart2_tx
                0x000000002000015c                huart2
                0x000000002000019c                status
 *fill*         0x000000002000019d        0x3 
 COMMON         0x00000000200001a0       0x40 Src/stm32f4xx_hal_timebase_tim.o
                0x00000000200001a0                htim6
                0x00000000200001e0                . = ALIGN (0x4)
                0x00000000200001e0                _ebss = .
                0x00000000200001e0                __bss_end__ = _ebss

._user_heap_stack
                0x00000000200001e0      0x600
                0x00000000200001e0                . = ALIGN (0x4)
                0x00000000200001e0                PROVIDE (end, .)
                [!provide]                        PROVIDE (_end, .)
                0x00000000200003e0                . = (. + _Min_Heap_Size)
 *fill*         0x00000000200001e0      0x200 
                0x00000000200007e0                . = (. + _Min_Stack_Size)
 *fill*         0x00000000200003e0      0x400 
                0x00000000200007e0                . = ALIGN (0x4)

/DISCARD/
 libc.a(*)
 libm.a(*)
 libgcc.a(*)

.ARM.attributes
                0x0000000000000000       0x30
 *(.ARM.attributes)
 .ARM.attributes
                0x0000000000000000       0x22 /opt/Atollic_TrueSTUDIO_for_STM32_x86_64_9.3.0/ARMTools/bin/../lib/gcc/arm-atollic-eabi/6.3.1/armv7e-m/fpu/crti.o
 .ARM.attributes
                0x0000000000000022       0x34 /opt/Atollic_TrueSTUDIO_for_STM32_x86_64_9.3.0/ARMTools/bin/../lib/gcc/arm-atollic-eabi/6.3.1/armv7e-m/fpu/crtbegin.o
 .ARM.attributes
                0x0000000000000056       0x39 Drivers/STM32F4xx_HAL_Driver/Src/stm32f4xx_hal.o
 .ARM.attributes
                0x000000000000008f       0x39 Drivers/STM32F4xx_HAL_Driver/Src/stm32f4xx_hal_cortex.o
 .ARM.attributes
                0x00000000000000c8       0x39 Drivers/STM32F4xx_HAL_Driver/Src/stm32f4xx_hal_dma.o
 .ARM.attributes
                0x0000000000000101       0x39 Drivers/STM32F4xx_HAL_Driver/Src/stm32f4xx_hal_gpio.o
 .ARM.attributes
                0x000000000000013a       0x39 Drivers/STM32F4xx_HAL_Driver/Src/stm32f4xx_hal_rcc.o
 .ARM.attributes
                0x0000000000000173       0x39 Drivers/STM32F4xx_HAL_Driver/Src/stm32f4xx_hal_spi.o
 .ARM.attributes
                0x00000000000001ac       0x39 Drivers/STM32F4xx_HAL_Driver/Src/stm32f4xx_hal_tim.o
 .ARM.attributes
                0x00000000000001e5       0x39 Drivers/STM32F4xx_HAL_Driver/Src/stm32f4xx_hal_tim_ex.o
 .ARM.attributes
                0x000000000000021e       0x39 Drivers/STM32F4xx_HAL_Driver/Src/stm32f4xx_hal_uart.o
 .ARM.attributes
                0x0000000000000257       0x39 Drivers/st7735/fonts.o
 .ARM.attributes
                0x0000000000000290       0x39 Drivers/st7735/st7735.o
 .ARM.attributes
                0x00000000000002c9       0x39 Src/main.o
 .ARM.attributes
                0x0000000000000302       0x39 Src/stm32f4xx_hal_msp.o
 .ARM.attributes
                0x000000000000033b       0x39 Src/stm32f4xx_hal_timebase_tim.o
 .ARM.attributes
                0x0000000000000374       0x39 Src/stm32f4xx_it.o
 .ARM.attributes
                0x00000000000003ad       0x39 Src/system_stm32f4xx.o
 .ARM.attributes
                0x00000000000003e6       0x21 startup/startup_stm32f407xx.o
 .ARM.attributes
                0x0000000000000407       0x34 /opt/Atollic_TrueSTUDIO_for_STM32_x86_64_9.3.0/ARMTools/bin/../lib/gcc/arm-atollic-eabi/6.3.1/../../../../arm-atollic-eabi/lib/armv7e-m/fpu/libc_nano.a(lib_a-init.o)
 .ARM.attributes
                0x000000000000043b       0x34 /opt/Atollic_TrueSTUDIO_for_STM32_x86_64_9.3.0/ARMTools/bin/../lib/gcc/arm-atollic-eabi/6.3.1/../../../../arm-atollic-eabi/lib/armv7e-m/fpu/libc_nano.a(lib_a-memset.o)
 .ARM.attributes
                0x000000000000046f       0x22 /opt/Atollic_TrueSTUDIO_for_STM32_x86_64_9.3.0/ARMTools/bin/../lib/gcc/arm-atollic-eabi/6.3.1/armv7e-m/fpu/libgcc.a(_aeabi_uldivmod.o)
 .ARM.attributes
                0x0000000000000491       0x34 /opt/Atollic_TrueSTUDIO_for_STM32_x86_64_9.3.0/ARMTools/bin/../lib/gcc/arm-atollic-eabi/6.3.1/armv7e-m/fpu/libgcc.a(_udivmoddi4.o)
 .ARM.attributes
                0x00000000000004c5       0x22 /opt/Atollic_TrueSTUDIO_for_STM32_x86_64_9.3.0/ARMTools/bin/../lib/gcc/arm-atollic-eabi/6.3.1/armv7e-m/fpu/libgcc.a(_dvmd_tls.o)
 .ARM.attributes
                0x00000000000004e7       0x22 /opt/Atollic_TrueSTUDIO_for_STM32_x86_64_9.3.0/ARMTools/bin/../lib/gcc/arm-atollic-eabi/6.3.1/armv7e-m/fpu/crtn.o
OUTPUT(STM32SPI.elf elf32-littlearm)

.debug_info     0x0000000000000000    0x10cee
 .debug_info    0x0000000000000000      0xa14 Drivers/STM32F4xx_HAL_Driver/Src/stm32f4xx_hal.o
 .debug_info    0x0000000000000a14      0xf8a Drivers/STM32F4xx_HAL_Driver/Src/stm32f4xx_hal_cortex.o
 .debug_info    0x000000000000199e      0xa9d Drivers/STM32F4xx_HAL_Driver/Src/stm32f4xx_hal_dma.o
 .debug_info    0x000000000000243b      0x7c6 Drivers/STM32F4xx_HAL_Driver/Src/stm32f4xx_hal_gpio.o
 .debug_info    0x0000000000002c01      0xaad Drivers/STM32F4xx_HAL_Driver/Src/stm32f4xx_hal_rcc.o
 .debug_info    0x00000000000036ae     0x1deb Drivers/STM32F4xx_HAL_Driver/Src/stm32f4xx_hal_spi.o
 .debug_info    0x0000000000005499     0x3521 Drivers/STM32F4xx_HAL_Driver/Src/stm32f4xx_hal_tim.o
 .debug_info    0x00000000000089ba     0x134f Drivers/STM32F4xx_HAL_Driver/Src/stm32f4xx_hal_tim_ex.o
 .debug_info    0x0000000000009d09     0x16b0 Drivers/STM32F4xx_HAL_Driver/Src/stm32f4xx_hal_uart.o
 .debug_info    0x000000000000b3b9      0x19f Drivers/st7735/fonts.o
 .debug_info    0x000000000000b558     0x1128 Drivers/st7735/st7735.o
 .debug_info    0x000000000000c680     0x17e7 Src/main.o
 .debug_info    0x000000000000de67     0x1096 Src/stm32f4xx_hal_msp.o
 .debug_info    0x000000000000eefd      0xbf3 Src/stm32f4xx_hal_timebase_tim.o
 .debug_info    0x000000000000faf0      0xc41 Src/stm32f4xx_it.o
 .debug_info    0x0000000000010731      0x55b Src/system_stm32f4xx.o
 .debug_info    0x0000000000010c8c       0x62 startup/startup_stm32f407xx.o

.debug_abbrev   0x0000000000000000     0x268e
 .debug_abbrev  0x0000000000000000      0x239 Drivers/STM32F4xx_HAL_Driver/Src/stm32f4xx_hal.o
 .debug_abbrev  0x0000000000000239      0x314 Drivers/STM32F4xx_HAL_Driver/Src/stm32f4xx_hal_cortex.o
 .debug_abbrev  0x000000000000054d      0x2e8 Drivers/STM32F4xx_HAL_Driver/Src/stm32f4xx_hal_dma.o
 .debug_abbrev  0x0000000000000835      0x1ef Drivers/STM32F4xx_HAL_Driver/Src/stm32f4xx_hal_gpio.o
 .debug_abbrev  0x0000000000000a24      0x2cb Drivers/STM32F4xx_HAL_Driver/Src/stm32f4xx_hal_rcc.o
 .debug_abbrev  0x0000000000000cef      0x335 Drivers/STM32F4xx_HAL_Driver/Src/stm32f4xx_hal_spi.o
 .debug_abbrev  0x0000000000001024      0x324 Drivers/STM32F4xx_HAL_Driver/Src/stm32f4xx_hal_tim.o
 .debug_abbrev  0x0000000000001348      0x29c Drivers/STM32F4xx_HAL_Driver/Src/stm32f4xx_hal_tim_ex.o
 .debug_abbrev  0x00000000000015e4      0x313 Drivers/STM32F4xx_HAL_Driver/Src/stm32f4xx_hal_uart.o
 .debug_abbrev  0x00000000000018f7       0x9e Drivers/st7735/fonts.o
 .debug_abbrev  0x0000000000001995      0x367 Drivers/st7735/st7735.o
 .debug_abbrev  0x0000000000001cfc      0x2d3 Src/main.o
 .debug_abbrev  0x0000000000001fcf      0x1ed Src/stm32f4xx_hal_msp.o
 .debug_abbrev  0x00000000000021bc      0x1e7 Src/stm32f4xx_hal_timebase_tim.o
 .debug_abbrev  0x00000000000023a3      0x1b3 Src/stm32f4xx_it.o
 .debug_abbrev  0x0000000000002556      0x126 Src/system_stm32f4xx.o
 .debug_abbrev  0x000000000000267c       0x12 startup/startup_stm32f407xx.o

.debug_loc      0x0000000000000000     0x8423
 .debug_loc     0x0000000000000000      0x12e Drivers/STM32F4xx_HAL_Driver/Src/stm32f4xx_hal.o
 .debug_loc     0x000000000000012e      0x4fb Drivers/STM32F4xx_HAL_Driver/Src/stm32f4xx_hal_cortex.o
 .debug_loc     0x0000000000000629      0x727 Drivers/STM32F4xx_HAL_Driver/Src/stm32f4xx_hal_dma.o
 .debug_loc     0x0000000000000d50      0x357 Drivers/STM32F4xx_HAL_Driver/Src/stm32f4xx_hal_gpio.o
 .debug_loc     0x00000000000010a7      0x346 Drivers/STM32F4xx_HAL_Driver/Src/stm32f4xx_hal_rcc.o
 .debug_loc     0x00000000000013ed     0x183b Drivers/STM32F4xx_HAL_Driver/Src/stm32f4xx_hal_spi.o
 .debug_loc     0x0000000000002c28     0x3009 Drivers/STM32F4xx_HAL_Driver/Src/stm32f4xx_hal_tim.o
 .debug_loc     0x0000000000005c31      0xa7c Drivers/STM32F4xx_HAL_Driver/Src/stm32f4xx_hal_tim_ex.o
 .debug_loc     0x00000000000066ad     0x1350 Drivers/STM32F4xx_HAL_Driver/Src/stm32f4xx_hal_uart.o
 .debug_loc     0x00000000000079fd      0x77e Drivers/st7735/st7735.o
 .debug_loc     0x000000000000817b       0x2c Src/main.o
 .debug_loc     0x00000000000081a7       0xbb Src/stm32f4xx_hal_msp.o
 .debug_loc     0x0000000000008262       0xa5 Src/stm32f4xx_hal_timebase_tim.o
 .debug_loc     0x0000000000008307      0x11c Src/system_stm32f4xx.o

.debug_aranges  0x0000000000000000      0xb50
 .debug_aranges
                0x0000000000000000       0xe8 Drivers/STM32F4xx_HAL_Driver/Src/stm32f4xx_hal.o
 .debug_aranges
                0x00000000000000e8       0xa8 Drivers/STM32F4xx_HAL_Driver/Src/stm32f4xx_hal_cortex.o
 .debug_aranges
                0x0000000000000190       0x80 Drivers/STM32F4xx_HAL_Driver/Src/stm32f4xx_hal_dma.o
 .debug_aranges
                0x0000000000000210       0x58 Drivers/STM32F4xx_HAL_Driver/Src/stm32f4xx_hal_gpio.o
 .debug_aranges
                0x0000000000000268       0x88 Drivers/STM32F4xx_HAL_Driver/Src/stm32f4xx_hal_rcc.o
 .debug_aranges
                0x00000000000002f0      0x188 Drivers/STM32F4xx_HAL_Driver/Src/stm32f4xx_hal_spi.o
 .debug_aranges
                0x0000000000000478      0x278 Drivers/STM32F4xx_HAL_Driver/Src/stm32f4xx_hal_tim.o
 .debug_aranges
                0x00000000000006f0       0xf8 Drivers/STM32F4xx_HAL_Driver/Src/stm32f4xx_hal_tim_ex.o
 .debug_aranges
                0x00000000000007e8      0x170 Drivers/STM32F4xx_HAL_Driver/Src/stm32f4xx_hal_uart.o
 .debug_aranges
                0x0000000000000958       0x18 Drivers/st7735/fonts.o
 .debug_aranges
                0x0000000000000970       0x88 Drivers/st7735/st7735.o
 .debug_aranges
                0x00000000000009f8       0x38 Src/main.o
 .debug_aranges
                0x0000000000000a30       0x40 Src/stm32f4xx_hal_msp.o
 .debug_aranges
                0x0000000000000a70       0x30 Src/stm32f4xx_hal_timebase_tim.o
 .debug_aranges
                0x0000000000000aa0       0x60 Src/stm32f4xx_it.o
 .debug_aranges
                0x0000000000000b00       0x28 Src/system_stm32f4xx.o
 .debug_aranges
                0x0000000000000b28       0x28 startup/startup_stm32f407xx.o

.debug_ranges   0x0000000000000000      0xe98
 .debug_ranges  0x0000000000000000       0xd8 Drivers/STM32F4xx_HAL_Driver/Src/stm32f4xx_hal.o
 .debug_ranges  0x00000000000000d8      0x128 Drivers/STM32F4xx_HAL_Driver/Src/stm32f4xx_hal_cortex.o
 .debug_ranges  0x0000000000000200       0xc8 Drivers/STM32F4xx_HAL_Driver/Src/stm32f4xx_hal_dma.o
 .debug_ranges  0x00000000000002c8       0x68 Drivers/STM32F4xx_HAL_Driver/Src/stm32f4xx_hal_gpio.o
 .debug_ranges  0x0000000000000330       0xb0 Drivers/STM32F4xx_HAL_Driver/Src/stm32f4xx_hal_rcc.o
 .debug_ranges  0x00000000000003e0      0x238 Drivers/STM32F4xx_HAL_Driver/Src/stm32f4xx_hal_spi.o
 .debug_ranges  0x0000000000000618      0x340 Drivers/STM32F4xx_HAL_Driver/Src/stm32f4xx_hal_tim.o
 .debug_ranges  0x0000000000000958       0xe8 Drivers/STM32F4xx_HAL_Driver/Src/stm32f4xx_hal_tim_ex.o
 .debug_ranges  0x0000000000000a40      0x178 Drivers/STM32F4xx_HAL_Driver/Src/stm32f4xx_hal_uart.o
 .debug_ranges  0x0000000000000bb8      0x108 Drivers/st7735/st7735.o
 .debug_ranges  0x0000000000000cc0       0xb0 Src/main.o
 .debug_ranges  0x0000000000000d70       0x60 Src/stm32f4xx_hal_msp.o
 .debug_ranges  0x0000000000000dd0       0x40 Src/stm32f4xx_hal_timebase_tim.o
 .debug_ranges  0x0000000000000e10       0x50 Src/stm32f4xx_it.o
 .debug_ranges  0x0000000000000e60       0x18 Src/system_stm32f4xx.o
 .debug_ranges  0x0000000000000e78       0x20 startup/startup_stm32f407xx.o

.debug_line     0x0000000000000000     0x5a03
 .debug_line    0x0000000000000000      0x40a Drivers/STM32F4xx_HAL_Driver/Src/stm32f4xx_hal.o
 .debug_line    0x000000000000040a      0x453 Drivers/STM32F4xx_HAL_Driver/Src/stm32f4xx_hal_cortex.o
 .debug_line    0x000000000000085d      0x558 Drivers/STM32F4xx_HAL_Driver/Src/stm32f4xx_hal_dma.o
 .debug_line    0x0000000000000db5      0x3dc Drivers/STM32F4xx_HAL_Driver/Src/stm32f4xx_hal_gpio.o
 .debug_line    0x0000000000001191      0x504 Drivers/STM32F4xx_HAL_Driver/Src/stm32f4xx_hal_rcc.o
 .debug_line    0x0000000000001695      0xb76 Drivers/STM32F4xx_HAL_Driver/Src/stm32f4xx_hal_spi.o
 .debug_line    0x000000000000220b     0x1181 Drivers/STM32F4xx_HAL_Driver/Src/stm32f4xx_hal_tim.o
 .debug_line    0x000000000000338c      0x69e Drivers/STM32F4xx_HAL_Driver/Src/stm32f4xx_hal_tim_ex.o
 .debug_line    0x0000000000003a2a      0xb7f Drivers/STM32F4xx_HAL_Driver/Src/stm32f4xx_hal_uart.o
 .debug_line    0x00000000000045a9      0x114 Drivers/st7735/fonts.o
 .debug_line    0x00000000000046bd      0x438 Drivers/st7735/st7735.o
 .debug_line    0x0000000000004af5      0x3c2 Src/main.o
 .debug_line    0x0000000000004eb7      0x34f Src/stm32f4xx_hal_msp.o
 .debug_line    0x0000000000005206      0x28d Src/stm32f4xx_hal_timebase_tim.o
 .debug_line    0x0000000000005493      0x2fb Src/stm32f4xx_it.o
 .debug_line    0x000000000000578e      0x1f7 Src/system_stm32f4xx.o
 .debug_line    0x0000000000005985       0x7e startup/startup_stm32f407xx.o

.debug_str      0x0000000000000000     0x4102
 .debug_str     0x0000000000000000      0xb43 Drivers/STM32F4xx_HAL_Driver/Src/stm32f4xx_hal.o
                                        0xbac (size before relaxing)
 .debug_str     0x0000000000000b43      0x4a8 Drivers/STM32F4xx_HAL_Driver/Src/stm32f4xx_hal_cortex.o
                                        0xceb (size before relaxing)
 .debug_str     0x0000000000000feb      0x52c Drivers/STM32F4xx_HAL_Driver/Src/stm32f4xx_hal_dma.o
                                        0x837 (size before relaxing)
 .debug_str     0x0000000000001517      0x1de Drivers/STM32F4xx_HAL_Driver/Src/stm32f4xx_hal_gpio.o
                                        0x5b1 (size before relaxing)
 .debug_str     0x00000000000016f5      0x2f4 Drivers/STM32F4xx_HAL_Driver/Src/stm32f4xx_hal_rcc.o
                                        0x78f (size before relaxing)
 .debug_str     0x00000000000019e9      0x6fe Drivers/STM32F4xx_HAL_Driver/Src/stm32f4xx_hal_spi.o
                                        0xc9a (size before relaxing)
 .debug_str     0x00000000000020e7      0xff0 Drivers/STM32F4xx_HAL_Driver/Src/stm32f4xx_hal_tim.o
                                       0x158e (size before relaxing)
 .debug_str     0x00000000000030d7      0x548 Drivers/STM32F4xx_HAL_Driver/Src/stm32f4xx_hal_tim_ex.o
                                        0xda6 (size before relaxing)
 .debug_str     0x000000000000361f      0x67c Drivers/STM32F4xx_HAL_Driver/Src/stm32f4xx_hal_uart.o
                                        0xcf2 (size before relaxing)
 .debug_str     0x0000000000003c9b       0x71 Drivers/st7735/fonts.o
                                        0x208 (size before relaxing)
 .debug_str     0x0000000000003d0c      0x19a Drivers/st7735/st7735.o
                                        0x905 (size before relaxing)
 .debug_str     0x0000000000003ea6       0xc0 Src/main.o
                                       0x13a6 (size before relaxing)
 .debug_str     0x0000000000003f66       0x1b Src/stm32f4xx_hal_msp.o
                                        0xfe9 (size before relaxing)
 .debug_str     0x0000000000003f81       0x50 Src/stm32f4xx_hal_timebase_tim.o
                                        0xe1c (size before relaxing)
 .debug_str     0x0000000000003fd1       0xec Src/stm32f4xx_it.o
                                        0xb6d (size before relaxing)
 .debug_str     0x00000000000040bd       0x45 Src/system_stm32f4xx.o
                                        0x415 (size before relaxing)

.comment        0x0000000000000000       0x7c
 .comment       0x0000000000000000       0x7c Drivers/STM32F4xx_HAL_Driver/Src/stm32f4xx_hal.o
                                         0x7d (size before relaxing)
 .comment       0x000000000000007c       0x7d Drivers/STM32F4xx_HAL_Driver/Src/stm32f4xx_hal_cortex.o
 .comment       0x000000000000007c       0x7d Drivers/STM32F4xx_HAL_Driver/Src/stm32f4xx_hal_dma.o
 .comment       0x000000000000007c       0x7d Drivers/STM32F4xx_HAL_Driver/Src/stm32f4xx_hal_gpio.o
 .comment       0x000000000000007c       0x7d Drivers/STM32F4xx_HAL_Driver/Src/stm32f4xx_hal_rcc.o
 .comment       0x000000000000007c       0x7d Drivers/STM32F4xx_HAL_Driver/Src/stm32f4xx_hal_spi.o
 .comment       0x000000000000007c       0x7d Drivers/STM32F4xx_HAL_Driver/Src/stm32f4xx_hal_tim.o
 .comment       0x000000000000007c       0x7d Drivers/STM32F4xx_HAL_Driver/Src/stm32f4xx_hal_tim_ex.o
 .comment       0x000000000000007c       0x7d Drivers/STM32F4xx_HAL_Driver/Src/stm32f4xx_hal_uart.o
 .comment       0x000000000000007c       0x7d Drivers/st7735/fonts.o
 .comment       0x000000000000007c       0x7d Drivers/st7735/st7735.o
 .comment       0x000000000000007c       0x7d Src/main.o
 .comment       0x000000000000007c       0x7d Src/stm32f4xx_hal_msp.o
 .comment       0x000000000000007c       0x7d Src/stm32f4xx_hal_timebase_tim.o
 .comment       0x000000000000007c       0x7d Src/stm32f4xx_it.o
 .comment       0x000000000000007c       0x7d Src/system_stm32f4xx.o

.debug_frame    0x0000000000000000     0x2230
 .debug_frame   0x0000000000000000      0x1f4 Drivers/STM32F4xx_HAL_Driver/Src/stm32f4xx_hal.o
 .debug_frame   0x00000000000001f4      0x158 Drivers/STM32F4xx_HAL_Driver/Src/stm32f4xx_hal_cortex.o
 .debug_frame   0x000000000000034c      0x150 Drivers/STM32F4xx_HAL_Driver/Src/stm32f4xx_hal_dma.o
 .debug_frame   0x000000000000049c       0xd8 Drivers/STM32F4xx_HAL_Driver/Src/stm32f4xx_hal_gpio.o
 .debug_frame   0x0000000000000574      0x13c Drivers/STM32F4xx_HAL_Driver/Src/stm32f4xx_hal_rcc.o
 .debug_frame   0x00000000000006b0      0x574 Drivers/STM32F4xx_HAL_Driver/Src/stm32f4xx_hal_spi.o
 .debug_frame   0x0000000000000c24      0x928 Drivers/STM32F4xx_HAL_Driver/Src/stm32f4xx_hal_tim.o
 .debug_frame   0x000000000000154c      0x360 Drivers/STM32F4xx_HAL_Driver/Src/stm32f4xx_hal_tim_ex.o
 .debug_frame   0x00000000000018ac      0x4a0 Drivers/STM32F4xx_HAL_Driver/Src/stm32f4xx_hal_uart.o
 .debug_frame   0x0000000000001d4c      0x1d4 Drivers/st7735/st7735.o
 .debug_frame   0x0000000000001f20       0x6c Src/main.o
 .debug_frame   0x0000000000001f8c       0x9c Src/stm32f4xx_hal_msp.o
 .debug_frame   0x0000000000002028       0x54 Src/stm32f4xx_hal_timebase_tim.o
 .debug_frame   0x000000000000207c       0xd0 Src/stm32f4xx_it.o
 .debug_frame   0x000000000000214c       0x38 Src/system_stm32f4xx.o
 .debug_frame   0x0000000000002184       0x2c /opt/Atollic_TrueSTUDIO_for_STM32_x86_64_9.3.0/ARMTools/bin/../lib/gcc/arm-atollic-eabi/6.3.1/../../../../arm-atollic-eabi/lib/armv7e-m/fpu/libc_nano.a(lib_a-init.o)
 .debug_frame   0x00000000000021b0       0x20 /opt/Atollic_TrueSTUDIO_for_STM32_x86_64_9.3.0/ARMTools/bin/../lib/gcc/arm-atollic-eabi/6.3.1/../../../../arm-atollic-eabi/lib/armv7e-m/fpu/libc_nano.a(lib_a-memset.o)
 .debug_frame   0x00000000000021d0       0x2c /opt/Atollic_TrueSTUDIO_for_STM32_x86_64_9.3.0/ARMTools/bin/../lib/gcc/arm-atollic-eabi/6.3.1/armv7e-m/fpu/libgcc.a(_aeabi_uldivmod.o)
 .debug_frame   0x00000000000021fc       0x34 /opt/Atollic_TrueSTUDIO_for_STM32_x86_64_9.3.0/ARMTools/bin/../lib/gcc/arm-atollic-eabi/6.3.1/armv7e-m/fpu/libgcc.a(_udivmoddi4.o)
