st7735.c:94:13:ST7735_Select	8	static
st7735.c:98:6:ST7735_Unselect	8	static
st7735.c:102:13:ST7735_Reset	8	static
st7735.c:110:13:ST7735_WriteCommand	16	static
st7735.c:120:13:ST7735_WriteData	24	static
st7735.c:132:13:ST7735_ExecuteCommandList	24	static
st7735.c:158:13:ST7735_SetAddressWindow	32	static
st7735.c:174:6:ST7735_Init	8	static
st7735.c:183:6:ST7735_DrawPixel	24	static
st7735.c:196:13:ST7735_WriteChar	48	static
st7735.c:215:6:ST7735_WriteString	32	static
st7735.c:241:6:ST7735_FillRectangle	24	static
st7735.c:260:6:ST7735_FillScreen	24	static
st7735.c:264:6:ST7735_DrawImage	24	static
st7735.c:275:6:ST7735_InvertColors	16	static
st7735.c:283:6:ST7735_Refresh	8	static
st7735.c:289:6:ST7735_AddPixel	16	static
st7735.c:297:6:ST7735_AddHorLine	32	static
st7735.c:312:6:ST7735_AddVerLine	40	static
st7735.c:327:6:ST7735_AddRectangle	40	static
st7735.c:338:6:ST7735_AddFill	24	static
st7735.c:346:13:ST7735_AddLineLow	40	static
st7735.c:368:13:ST7735_AddLineHigh	40	static
st7735.c:388:6:ST7735_AddLine	48	static
st7735.c:407:13:ST7735_AddChar	32	static
st7735.c:422:6:ST7735_AddString	40	static
st7735.c:449:6:pushChannelData	16	static
st7735.c:456:6:printChannelData	32	static
