main.c:211:6:vTaskDisplayTest	56	static
main.c:251:6:vTaskScreenRefresher	24	static
main.c:267:5:main	16	static
main.c:380:6:SystemClock_Config	88	static
main.c:423:13:MX_NVIC_Init	8	static
main.c:438:13:MX_SPI3_Init	8	static
main.c:476:13:MX_USART2_UART_Init	8	static
main.c:507:13:MX_DMA_Init	16	static
main.c:528:13:MX_GPIO_Init	40	static
main.c:578:6:HAL_SPI_TxCpltCallback	16	static
main.c:593:6:StartDefaultTask	16	static
main.c:612:6:HAL_TIM_PeriodElapsedCallback	16	static
main.c:629:6:Error_Handler	4	static
